Component: ARM Compiler 5.06 update 4 (build 422) Tool: armlink [4d35d2]

==============================================================================

Section Cross References

    application.o(i.MCO_OUT_Cfg) refers to stm32f2xx_gpio.o(i.GPIO_Init) for GPIO_Init
    application.o(i.MCO_OUT_Cfg) refers to stm32f2xx_rcc.o(i.RCC_MCO1Config) for RCC_MCO1Config
    application.o(i.rt_application_init) refers to thread.o(i.rt_thread_create) for rt_thread_create
    application.o(i.rt_application_init) refers to thread.o(i.rt_thread_startup) for rt_thread_startup
    application.o(i.rt_application_init) refers to application.o(i.rt_init_thread_entry) for rt_init_thread_entry
    application.o(i.rt_init_thread_entry) refers to components.o(i.rt_components_init) for rt_components_init
    application.o(i.rt_init_thread_entry) refers to ec20.o(i.ec20_comm_mount) for ec20_comm_mount
    application.o(i.rt_init_thread_entry) refers to cm_backtrace.o(i.cm_backtrace_init) for cm_backtrace_init
    application.o(i.rt_init_thread_entry) refers to application.o(i.MCO_OUT_Cfg) for MCO_OUT_Cfg
    application.o(i.rt_init_thread_entry) refers to thread.o(i.rt_thread_delay) for rt_thread_delay
    canapp.o(i.can1ind) refers to ipc.o(i.rt_event_send) for rt_event_send
    canapp.o(i.can2ind) refers to ipc.o(i.rt_event_send) for rt_event_send
    canapp.o(i.rt_can_app_init) refers to thread.o(i.rt_thread_create) for rt_thread_create
    canapp.o(i.rt_can_app_init) refers to thread.o(i.rt_thread_startup) for rt_thread_startup
    canapp.o(i.rt_can_app_init) refers to canapp.o(.data) for can_data
    canapp.o(i.rt_can_app_init) refers to canapp.o(i.rt_can_thread_entry) for rt_can_thread_entry
    canapp.o(i.rt_can_thread_entry) refers to device.o(i.rt_device_find) for rt_device_find
    canapp.o(i.rt_can_thread_entry) refers to kservice.o(i.rt_assert_handler) for rt_assert_handler
    canapp.o(i.rt_can_thread_entry) refers to ipc.o(i.rt_event_init) for rt_event_init
    canapp.o(i.rt_can_thread_entry) refers to device.o(i.rt_device_open) for rt_device_open
    canapp.o(i.rt_can_thread_entry) refers to device.o(i.rt_device_control) for rt_device_control
    canapp.o(i.rt_can_thread_entry) refers to ipc.o(i.rt_event_recv) for rt_event_recv
    canapp.o(i.rt_can_thread_entry) refers to device.o(i.rt_device_write) for rt_device_write
    canapp.o(i.rt_can_thread_entry) refers to device.o(i.rt_device_read) for rt_device_read
    canapp.o(i.rt_can_thread_entry) refers to canapp.o(.constdata) for __FUNCTION__
    canapp.o(.data) refers to canapp.o(i.can1ind) for can1ind
    canapp.o(.data) refers to canapp.o(i.can2ind) for can2ind
    canapp.o(.data) refers to canapp.o(.conststring) for .conststring
    canapp.o(.rti_fn.6) refers to canapp.o(i.rt_can_app_init) for rt_can_app_init
    main.o(i.main) refers to context_rvds.o(.text) for rt_hw_interrupt_disable
    main.o(i.main) refers to main.o(i.rtthread_startup) for rtthread_startup
    main.o(i.rtthread_startup) refers to mem.o(i.rt_system_heap_init) for rt_system_heap_init
    main.o(i.rtthread_startup) refers to board.o(i.rt_hw_board_init) for rt_hw_board_init
    main.o(i.rtthread_startup) refers to version.o(i.ei_show_version) for ei_show_version
    main.o(i.rtthread_startup) refers to timer.o(i.rt_system_timer_init) for rt_system_timer_init
    main.o(i.rtthread_startup) refers to scheduler.o(i.rt_system_scheduler_init) for rt_system_scheduler_init
    main.o(i.rtthread_startup) refers to application.o(i.rt_application_init) for rt_application_init
    main.o(i.rtthread_startup) refers to timer.o(i.rt_system_timer_thread_init) for rt_system_timer_thread_init
    main.o(i.rtthread_startup) refers to idle.o(i.rt_thread_idle_init) for rt_thread_idle_init
    main.o(i.rtthread_startup) refers to scheduler.o(i.rt_system_scheduler_start) for rt_system_scheduler_start
    user_finsh_cmd.o(i.canst) refers to kservice.o(i.rt_kprintf) for rt_kprintf
    user_finsh_cmd.o(i.canst) refers to kservice.o(i.rt_memset) for rt_memset
    user_finsh_cmd.o(i.canst) refers to kservice.o(i.rt_strcmp) for rt_strcmp
    user_finsh_cmd.o(i.canst) refers to device.o(i.rt_device_find) for rt_device_find
    user_finsh_cmd.o(i.canst) refers to atoi.o(.text) for atoi
    user_finsh_cmd.o(i.canst) refers to mem.o(i.rt_malloc) for rt_malloc
    user_finsh_cmd.o(i.canst) refers to kservice.o(i.rt_memcpy) for rt_memcpy
    user_finsh_cmd.o(i.canst) refers to device.o(i.rt_device_write) for rt_device_write
    user_finsh_cmd.o(i.canst) refers to mem.o(i.rt_free) for rt_free
    user_finsh_cmd.o(i.sysclock) refers to stm32f2xx_rcc.o(i.RCC_GetClocksFreq) for RCC_GetClocksFreq
    user_finsh_cmd.o(i.sysclock) refers to kservice.o(i.rt_kprintf) for rt_kprintf
    user_finsh_cmd.o(FSymTab) refers to user_finsh_cmd.o(.rodata.name) for __fsym_reboot_name
    user_finsh_cmd.o(FSymTab) refers to user_finsh_cmd.o(i.reboot) for reboot
    user_finsh_cmd.o(FSymTab) refers to user_finsh_cmd.o(i.sysclock) for sysclock
[...]
    stm32_pin_detach_irq                     0x080121b1   Thumb Code   136  gpio.o(i.stm32_pin_detach_irq)
    stm32_pin_irq_enable                     0x0801223d   Thumb Code   340  gpio.o(i.stm32_pin_irq_enable)
    stm32_pin_mode                           0x08012399   Thumb Code   156  gpio.o(i.stm32_pin_mode)
    stm32_pin_read                           0x08012435   Thumb Code    48  gpio.o(i.stm32_pin_read)
    stm32_pin_write                          0x08012465   Thumb Code    52  gpio.o(i.stm32_pin_write)
    sysclock                                 0x08012541   Thumb Code    46  user_finsh_cmd.o(i.sysclock)
    token_get_string                         0x080125e1   Thumb Code   120  finsh_token.o(i.token_get_string)
    version                                  0x08012d8d   Thumb Code    10  cmd.o(i.version)
    _get_lc_ctype                            0x08012e91   Thumb Code    44  lc_ctype_c.o(locale$$code)
    __lowest_bit_bitmap                      0x080131a6   Data         256  kservice.o(.constdata)
    op_table                                 0x08014658   Data         196  finsh_ops.o(.constdata)
    __fsym_reboot_name                       0x08015676   Data           7  user_finsh_cmd.o(.rodata.name)
    __fsym_reboot_desc                       0x0801567d   Data          14  user_finsh_cmd.o(.rodata.name)
    __fsym___cmd_reboot_name                 0x0801568b   Data          13  user_finsh_cmd.o(.rodata.name)
    __fsym___cmd_reboot_desc                 0x08015698   Data          14  user_finsh_cmd.o(.rodata.name)
    __fsym_sysclock_name                     0x080156a6   Data           9  user_finsh_cmd.o(.rodata.name)
    __fsym_sysclock_desc                     0x080156af   Data          19  user_finsh_cmd.o(.rodata.name)
    __fsym___cmd_sysclock_name               0x080156c2   Data          15  user_finsh_cmd.o(.rodata.name)
    __fsym___cmd_sysclock_desc               0x080156d1   Data          19  user_finsh_cmd.o(.rodata.name)
    __fsym___cmd_canst_name                  0x080156e4   Data          12  user_finsh_cmd.o(.rodata.name)
    __fsym___cmd_canst_desc                  0x080156f0   Data          13  user_finsh_cmd.o(.rodata.name)
    __fsym_list_mem_name                     0x080156fd   Data           9  mem.o(.rodata.name)
    __fsym_list_mem_desc                     0x08015706   Data          30  mem.o(.rodata.name)
    __fsym___cmd_canstat_name                0x08015724   Data          14  can.o(.rodata.name)
    __fsym___cmd_canstat_desc                0x08015732   Data          24  can.o(.rodata.name)
    __fsym_pinMode_name                      0x0801574a   Data           8  pin.o(.rodata.name)
    __fsym_pinMode_desc                      0x08015752   Data          22  pin.o(.rodata.name)
    __fsym_pinWrite_name                     0x08015768   Data           9  pin.o(.rodata.name)
    __fsym_pinWrite_desc                     0x08015771   Data          28  pin.o(.rodata.name)
    __fsym_pinRead_name                      0x0801578d   Data           8  pin.o(.rodata.name)
    __fsym_pinRead_desc                      0x08015795   Data          30  pin.o(.rodata.name)
    __fsym___cmd_sf_name                     0x080157b3   Data           9  spi_flash_sfud.o(.rodata.name)
    __fsym___cmd_sf_desc                     0x080157bc   Data          19  spi_flash_sfud.o(.rodata.name)
    __fsym_hello_name                        0x080157cf   Data           6  cmd.o(.rodata.name)
    __fsym_hello_desc                        0x080157d5   Data          16  cmd.o(.rodata.name)
    __fsym___cmd_hello_name                  0x080157e5   Data          12  cmd.o(.rodata.name)
    __fsym___cmd_hello_desc                  0x080157f1   Data          16  cmd.o(.rodata.name)
    __fsym_version_name                      0x08015801   Data           8  cmd.o(.rodata.name)
    __fsym_version_desc                      0x08015809   Data          35  cmd.o(.rodata.name)
    __fsym___cmd_version_name                0x0801582c   Data          14  cmd.o(.rodata.name)
    __fsym___cmd_version_desc                0x0801583a   Data          35  cmd.o(.rodata.name)
    __fsym_list_thread_name                  0x0801585d   Data          12  cmd.o(.rodata.name)
    __fsym_list_thread_desc                  0x08015869   Data          12  cmd.o(.rodata.name)
    __fsym___cmd_list_thread_name            0x08015875   Data          18  cmd.o(.rodata.name)
    __fsym___cmd_list_thread_desc            0x08015887   Data          12  cmd.o(.rodata.name)
    __fsym_list_sem_name                     0x08015893   Data           9  cmd.o(.rodata.name)
    __fsym_list_sem_desc                     0x0801589c   Data          25  cmd.o(.rodata.name)
    __fsym___cmd_list_sem_name               0x080158b5   Data          15  cmd.o(.rodata.name)
    __fsym___cmd_list_sem_desc               0x080158c4   Data          25  cmd.o(.rodata.name)
    __fsym_list_event_name                   0x080158dd   Data          11  cmd.o(.rodata.name)
    __fsym_list_event_desc                   0x080158e8   Data          21  cmd.o(.rodata.name)
    __fsym___cmd_list_event_name             0x080158fd   Data          17  cmd.o(.rodata.name)
    __fsym___cmd_list_event_desc             0x0801590e   Data          21  cmd.o(.rodata.name)
    __fsym_list_mutex_name                   0x08015923   Data          11  cmd.o(.rodata.name)
    __fsym_list_mutex_desc                   0x0801592e   Data          21  cmd.o(.rodata.name)
    __fsym___cmd_list_mutex_name             0x08015943   Data          17  cmd.o(.rodata.name)
    __fsym___cmd_list_mutex_desc             0x08015954   Data          21  cmd.o(.rodata.name)
    __fsym_list_mailbox_name                 0x08015969   Data          13  cmd.o(.rodata.name)
    __fsym_list_mailbox_desc                 0x08015976   Data          24  cmd.o(.rodata.name)
    __fsym___cmd_list_mailbox_name           0x0801598e   Data          19  cmd.o(.rodata.name)
    __fsym___cmd_list_mailbox_desc           0x080159a1   Data          24  cmd.o(.rodata.name)
    __fsym_list_msgqueue_name                0x080159b9   Data          14  cmd.o(.rodata.name)
    __fsym_list_msgqueue_desc                0x080159c7   Data          29  cmd.o(.rodata.name)
    __fsym___cmd_list_msgqueue_name          0x080159e4   Data          20  cmd.o(.rodata.name)
    __fsym___cmd_list_msgqueue_desc          0x080159f8   Data          29  cmd.o(.rodata.name)
    __fsym_list_mempool_name                 0x08015a15   Data          13  cmd.o(.rodata.name)
    __fsym_list_mempool_desc                 0x08015a22   Data          27  cmd.o(.rodata.name)
    __fsym___cmd_list_mempool_name           0x08015a3d   Data          19  cmd.o(.rodata.name)
    __fsym___cmd_list_mempool_desc           0x08015a50   Data          27  cmd.o(.rodata.name)
    __fsym_list_timer_name                   0x08015a6b   Data          11  cmd.o(.rodata.name)
    __fsym_list_timer_desc                   0x08015a76   Data          21  cmd.o(.rodata.name)
    __fsym___cmd_list_timer_name             0x08015a8b   Data          17  cmd.o(.rodata.name)
    __fsym___cmd_list_timer_desc             0x08015a9c   Data          21  cmd.o(.rodata.name)
    __fsym_list_device_name                  0x08015ab1   Data          12  cmd.o(.rodata.name)
    __fsym_list_device_desc                  0x08015abd   Data          22  cmd.o(.rodata.name)
    __fsym___cmd_list_device_name            0x08015ad3   Data          18  cmd.o(.rodata.name)
    __fsym___cmd_list_device_desc            0x08015ae5   Data          22  cmd.o(.rodata.name)
    __fsym_list_name                         0x08015afb   Data           5  cmd.o(.rodata.name)
    __fsym_list_desc                         0x08015b00   Data          26  cmd.o(.rodata.name)
    __vsym_dummy_name                        0x08015b1a   Data           6  cmd.o(.rodata.name)
    __vsym_dummy_desc                        0x08015b20   Data          25  cmd.o(.rodata.name)
    __fsym___cmd_exit_name                   0x08015b39   Data          11  msh.o(.rodata.name)
    __fsym___cmd_exit_desc                   0x08015b44   Data          32  msh.o(.rodata.name)
    __fsym_msh_name                          0x08015b64   Data           4  msh.o(.rodata.name)
    __fsym_msh_desc                          0x08015b68   Data          17  msh.o(.rodata.name)
    __fsym___cmd_help_name                   0x08015b79   Data          11  msh.o(.rodata.name)
    __fsym___cmd_help_desc                   0x08015b84   Data          22  msh.o(.rodata.name)
    __fsym___cmd_ps_name                     0x08015b9a   Data           9  msh_cmd.o(.rodata.name)
    __fsym___cmd_ps_desc                     0x08015ba3   Data          28  msh_cmd.o(.rodata.name)
    __fsym___cmd_time_name                   0x08015bbf   Data          11  msh_cmd.o(.rodata.name)
    __fsym___cmd_time_desc                   0x08015bca   Data          27  msh_cmd.o(.rodata.name)
    __fsym___cmd_free_name                   0x08015be5   Data          11  msh_cmd.o(.rodata.name)
    __fsym___cmd_free_desc                   0x08015bf0   Data          37  msh_cmd.o(.rodata.name)
    __rt_init_rti_start                      0x08015c18   Data           4  components.o(.rti_fn.0)
    __rt_init_rti_board_start                0x08015c1c   Data           4  components.o(.rti_fn.0.end)
    __rt_init_stm32_bxcan_init               0x08015c20   Data           4  bxcan.o(.rti_fn.1)
    __rt_init_stm32_hw_pin_init              0x08015c24   Data           4  gpio.o(.rti_fn.1)
    __rt_init_rt_hw_spi_init                 0x08015c28   Data           4  spi_master.o(.rti_fn.1)
    __rt_init_rti_board_end                  0x08015c2c   Data           4  components.o(.rti_fn.1.end)
    __rt_init_rt_can_app_init                0x08015c30   Data           4  canapp.o(.rti_fn.6)
    __rt_init_finsh_system_init              0x08015c34   Data           4  shell.o(.rti_fn.6)
    __rt_init_rti_end                        0x08015c38   Data           4  components.o(.rti_fn.6.end)
    FSymTab$$Base                            0x08015c3c   Number         0  user_finsh_cmd.o(FSymTab)
    __fsym_reboot                            0x08015c3c   Data          12  user_finsh_cmd.o(FSymTab)
    __fsym___cmd_reboot                      0x08015c48   Data          12  user_finsh_cmd.o(FSymTab)
    __fsym_sysclock                          0x08015c54   Data          12  user_finsh_cmd.o(FSymTab)
    __fsym___cmd_sysclock                    0x08015c60   Data          12  user_finsh_cmd.o(FSymTab)
    __fsym___cmd_canst                       0x08015c6c   Data          12  user_finsh_cmd.o(FSymTab)
    __fsym_list_mem                          0x08015c78   Data          12  mem.o(FSymTab)
    __fsym___cmd_canstat                     0x08015c84   Data          12  can.o(FSymTab)
    __fsym_pinMode                           0x08015c90   Data          12  pin.o(FSymTab)
    __fsym_pinWrite                          0x08015c9c   Data          12  pin.o(FSymTab)
    __fsym_pinRead                           0x08015ca8   Data          12  pin.o(FSymTab)
    __fsym___cmd_sf                          0x08015cb4   Data          12  spi_flash_sfud.o(FSymTab)
    __fsym_hello                             0x08015cc0   Data          12  cmd.o(FSymTab)
    __fsym___cmd_hello                       0x08015ccc   Data          12  cmd.o(FSymTab)
    __fsym_version                           0x08015cd8   Data          12  cmd.o(FSymTab)
    __fsym___cmd_version                     0x08015ce4   Data          12  cmd.o(FSymTab)
    __fsym_list_thread                       0x08015cf0   Data          12  cmd.o(FSymTab)
    __fsym___cmd_list_thread                 0x08015cfc   Data          12  cmd.o(FSymTab)
    __fsym_list_sem                          0x08015d08   Data          12  cmd.o(FSymTab)
    __fsym___cmd_list_sem                    0x08015d14   Data          12  cmd.o(FSymTab)
    __fsym_list_event                        0x08015d20   Data          12  cmd.o(FSymTab)
    __fsym___cmd_list_event                  0x08015d2c   Data          12  cmd.o(FSymTab)
    __fsym_list_mutex                        0x08015d38   Data          12  cmd.o(FSymTab)
    __fsym___cmd_list_mutex                  0x08015d44   Data          12  cmd.o(FSymTab)
    __fsym_list_mailbox                      0x08015d50   Data          12  cmd.o(FSymTab)
    __fsym___cmd_list_mailbox                0x08015d5c   Data          12  cmd.o(FSymTab)
    __fsym_list_msgqueue                     0x08015d68   Data          12  cmd.o(FSymTab)
    __fsym___cmd_list_msgqueue               0x08015d74   Data          12  cmd.o(FSymTab)
    __fsym_list_mempool                      0x08015d80   Data          12  cmd.o(FSymTab)
    __fsym___cmd_list_mempool                0x08015d8c   Data          12  cmd.o(FSymTab)
    __fsym_list_timer                        0x08015d98   Data          12  cmd.o(FSymTab)
    __fsym___cmd_list_timer                  0x08015da4   Data          12  cmd.o(FSymTab)
    __fsym_list_device                       0x08015db0   Data          12  cmd.o(FSymTab)
    __fsym___cmd_list_device                 0x08015dbc   Data          12  cmd.o(FSymTab)
    __fsym_list                              0x08015dc8   Data          12  cmd.o(FSymTab)
    __fsym___cmd_exit                        0x08015dd4   Data          12  msh.o(FSymTab)
    __fsym_msh                               0x08015de0   Data          12  msh.o(FSymTab)
    __fsym___cmd_help                        0x08015dec   Data          12  msh.o(FSymTab)
    __fsym___cmd_ps                          0x08015df8   Data          12  msh_cmd.o(FSymTab)
    __fsym___cmd_time                        0x08015e04   Data          12  msh_cmd.o(FSymTab)
    __fsym___cmd_free                        0x08015e10   Data          12  msh_cmd.o(FSymTab)
    FSymTab$$Limit                           0x08015e1c   Number         0  msh_cmd.o(FSymTab)
    Region$$Table$$Base                      0x08015e1c   Number         0  anon$$obj.o(Region$$Table)
    Region$$Table$$Limit                     0x08015e3c   Number         0  anon$$obj.o(Region$$Table)
    VSymTab$$Base                            0x08015e3c   Number         0  cmd.o(VSymTab)
    __vsym_dummy                             0x08015e3c   Data          16  cmd.o(VSymTab)
    VSymTab$$Limit                           0x08015e4c   Number         0  cmd.o(VSymTab)
    __ctype                                  0x08015e59   Data           0  lc_ctype_c.o(locale$$data)
    Image$$ER_IROM1$$Limit                   0x08015f5c   Number         0  anon$$obj.o ABSOLUTE
    filter1item                              0x20000000   Data          80  canapp.o(.data)
    filter2item                              0x20000050   Data          80  canapp.o(.data)
    filter1                                  0x200000a0   Data          12  canapp.o(.data)
    filter2                                  0x200000ac   Data          12  canapp.o(.data)
    rt_interrupt_from_thread                 0x20000128   Data           4  cpuport.o(.data)
    rt_interrupt_to_thread                   0x2000012c   Data           4  cpuport.o(.data)
    rt_thread_switch_interrupt_flag          0x20000130   Data           4  cpuport.o(.data)
    rt_interrupt_nest                        0x20000144   Data           1  irq.o(.data)
    rt_assert_hook                           0x20000150   Data           4  kservice.o(.data)
    rt_object_trytake_hook                   0x2000020c   Data           4  object.o(.data)
    rt_object_take_hook                      0x20000210   Data           4  object.o(.data)
    rt_object_put_hook                       0x20000214   Data           4  object.o(.data)
    rt_current_thread                        0x2000021c   Data           4  scheduler.o(.data)
    rt_current_priority                      0x20000220   Data           1  scheduler.o(.data)
    rt_thread_ready_priority_group           0x20000224   Data           4  scheduler.o(.data)
    rt_thread_defunct                        0x20000228   Data           8  scheduler.o(.data)
    pin_irq_hdr_tab                          0x200003c4   Data         192  gpio.o(.data)
    uart1                                    0x20000484   Data          32  usart.o(.data)
    uart3                                    0x200004a4   Data          32  usart.o(.data)
    finsh_compile_sp                         0x200004cc   Data           4  finsh_compiler.o(.data)
    finsh_compile_pc                         0x200004d0   Data           4  finsh_compiler.o(.data)
    global_errno                             0x200004d4   Data           1  finsh_error.o(.data)
    global_sysvar_list                       0x2000051c   Data           4  finsh_var.o(.data)
    finsh_sp                                 0x20000520   Data           4  finsh_vm.o(.data)
    finsh_pc                                 0x20000524   Data           4  finsh_vm.o(.data)
    global_syscall_list                      0x20000528   Data           4  finsh_vm.o(.data)
    shell                                    0x20000530   Data           4  shell.o(.data)
    _syscall_table_begin                     0x20000538   Data           4  symbol.o(.data)
    _syscall_table_end                       0x2000053c   Data           4  symbol.o(.data)
    _sysvar_table_begin                      0x20000540   Data           4  symbol.o(.data)
    _sysvar_table_end                        0x20000544   Data           4  symbol.o(.data)
    rt_thread_priority_table                 0x20000798   Data         256  scheduler.o(.bss)
    bxcan1                                   0x20000be8   Data         268  bxcan.o(.bss)
    bxcan2                                   0x20000cf4   Data         268  bxcan.o(.bss)
    serial1                                  0x20000e00   Data          88  usart.o(.bss)
    serial3                                  0x20000e58   Data          88  usart.o(.bss)
    finsh_heap                               0x20000eb0   Data         128  finsh_heap.o(.bss)
    global_node_table                        0x20000f30   Data         320  finsh_node.o(.bss)
    global_variable                          0x20001070   Data         192  finsh_var.o(.bss)
    finsh_vm_stack                           0x20001130   Data         256  finsh_vm.o(.bss)
    text_segment                             0x20001230   Data         128  finsh_vm.o(.bss)
    __libspace_start                         0x20001468   Data          96  libspace.o(.bss)
    __temporary_stack_top$libspace           0x200014c8   Data           0  libspace.o(.bss)
    STACK$$Base                              0x200016c8   Number         0  startup_stm32f2xx.o(STACK)
    Image$$RW_IRAM1$$ZI$$Limit               0x20001ac8   Number         0  anon$$obj.o ABSOLUTE
    STACK$$Limit                             0x20001ac8   Number         0  startup_stm32f2xx.o(STACK)



==============================================================================

Memory Map of the image

  Image Entry point : 0x08000185

  Load Region LR_IROM1 (Base: 0x08000000, Size: 0x000164b8, Max: 0x00040000, ABSOLUTE, COMPRESSED[0x00016094])

    Execution Region ER_IROM1 (Base: 0x08000000, Size: 0x00015f5c, Max: 0x00040000, ABSOLUTE)

    Base Addr    Size         Type   Attr      Idx    E Section Name        Object

    0x08000000   0x00000184   Data   RO         4384    RESET               startup_stm32f2xx.o
    0x08000184   0x00000008   Code   RO         8980  * !!!main             c_w.l(__main.o)
    0x0800018c   0x00000034   Code   RO         9172    !!!scatter          c_w.l(__scatter.o)
    0x080001c0   0x0000005a   Code   RO         9170    !!dczerorl2         c_w.l(__dczerorl2.o)
    0x0800021a   0x00000002   PAD
    0x0800021c   0x0000001c   Code   RO         9174    !!handler_zi        c_w.l(__scatter_zi.o)
    0x08000238   0x00000002   Code   RO         9043    .ARM.Collect$$libinit$$00000000  c_w.l(libinit.o)
    0x0800023a   0x00000000   Code   RO         9047    .ARM.Collect$$libinit$$00000002  c_w.l(libinit2.o)
    0x0800023a   0x00000000   Code   RO         9049    .ARM.Collect$$libinit$$00000004  c_w.l(libinit2.o)
    0x0800023a   0x00000000   Code   RO         9052    .ARM.Collect$$libinit$$0000000A  c_w.l(libinit2.o)
    0x0800023a   0x00000000   Code   RO         9054    .ARM.Collect$$libinit$$0000000C  c_w.l(libinit2.o)
    0x0800023a   0x00000000   Code   RO         9056    .ARM.Collect$$libinit$$0000000E  c_w.l(libinit2.o)
    0x0800023a   0x00000006   Code   RO         9057    .ARM.Collect$$libinit$$0000000F  c_w.l(libinit2.o)
    0x08000240   0x00000000   Code   RO         9059    .ARM.Collect$$libinit$$00000011  c_w.l(libinit2.o)
    0x08000240   0x0000000c   Code   RO         9060    .ARM.Collect$$libinit$$00000012  c_w.l(libinit2.o)
    0x0800024c   0x00000000   Code   RO         9061    .ARM.Collect$$libinit$$00000013  c_w.l(libinit2.o)
    0x0800024c   0x00000000   Code   RO         9063    .ARM.Collect$$libinit$$00000015  c_w.l(libinit2.o)
    0x0800024c   0x00000000   Code   RO         9065    .ARM.Collect$$libinit$$00000017  c_w.l(libinit2.o)
    0x0800024c   0x00000000   Code   RO         9067    .ARM.Collect$$libinit$$00000019  c_w.l(libinit2.o)
    0x0800024c   0x00000000   Code   RO         9069    .ARM.Collect$$libinit$$0000001B  c_w.l(libinit2.o)
    0x0800024c   0x00000000   Code   RO         9071    .ARM.Collect$$libinit$$0000001D  c_w.l(libinit2.o)
    0x0800024c   0x00000000   Code   RO         9073    .ARM.Collect$$libinit$$0000001F  c_w.l(libinit2.o)
    0x0800024c   0x00000000   Code   RO         9075    .ARM.Collect$$libinit$$00000021  c_w.l(libinit2.o)
    0x0800024c   0x00000000   Code   RO         9077    .ARM.Collect$$libinit$$00000023  c_w.l(libinit2.o)
    0x0800024c   0x00000000   Code   RO         9079    .ARM.Collect$$libinit$$00000025  c_w.l(libinit2.o)
    0x0800024c   0x00000000   Code   RO         9083    .ARM.Collect$$libinit$$0000002C  c_w.l(libinit2.o)
    0x0800024c   0x00000000   Code   RO         9085    .ARM.Collect$$libinit$$0000002E  c_w.l(libinit2.o)
    0x0800024c   0x00000000   Code   RO         9087    .ARM.Collect$$libinit$$00000030  c_w.l(libinit2.o)
    0x0800024c   0x00000000   Code   RO         9089    .ARM.Collect$$libinit$$00000032  c_w.l(libinit2.o)
    0x0800024c   0x00000002   Code   RO         9090    .ARM.Collect$$libinit$$00000033  c_w.l(libinit2.o)
    0x0800024e   0x00000002   Code   RO         9110    .ARM.Collect$$libshutdown$$00000000  c_w.l(libshutdown.o)
    0x08000250   0x00000000   Code   RO         9123    .ARM.Collect$$libshutdown$$00000002  c_w.l(libshutdown2.o)
    0x08000250   0x00000000   Code   RO         9125    .ARM.Collect$$libshutdown$$00000004  c_w.l(libshutdown2.o)
    0x08000250   0x00000000   Code   RO         9128    .ARM.Collect$$libshutdown$$00000007  c_w.l(libshutdown2.o)
    0x08000250   0x00000000   Code   RO         9131    .ARM.Collect$$libshutdown$$0000000A  c_w.l(libshutdown2.o)
    0x08000250   0x00000000   Code   RO         9133    .ARM.Collect$$libshutdown$$0000000C  c_w.l(libshutdown2.o)
    0x08000250   0x00000000   Code   RO         9136    .ARM.Collect$$libshutdown$$0000000F  c_w.l(libshutdown2.o)
    0x08000250   0x00000002   Code   RO         9137    .ARM.Collect$$libshutdown$$00000010  c_w.l(libshutdown2.o)
    0x08000252   0x00000000   Code   RO         8982    .ARM.Collect$$rtentry$$00000000  c_w.l(__rtentry.o)
    0x08000252   0x00000000   Code   RO         9003    .ARM.Collect$$rtentry$$00000002  c_w.l(__rtentry2.o)
    0x08000252   0x00000006   Code   RO         9015    .ARM.Collect$$rtentry$$00000004  c_w.l(__rtentry4.o)
    0x08000258   0x00000000   Code   RO         9005    .ARM.Collect$$rtentry$$00000009  c_w.l(__rtentry2.o)
    0x08000258   0x00000004   Code   RO         9006    .ARM.Collect$$rtentry$$0000000A  c_w.l(__rtentry2.o)
    0x0800025c   0x00000000   Code   RO         9008    .ARM.Collect$$rtentry$$0000000C  c_w.l(__rtentry2.o)
    0x0800025c   0x00000008   Code   RO         9009    .ARM.Collect$$rtentry$$0000000D  c_w.l(__rtentry2.o)
    0x08000264   0x00000002   Code   RO         9044    .ARM.Collect$$rtexit$$00000000  c_w.l(rtexit.o)
    0x08000266   0x00000000   Code   RO         9092    .ARM.Collect$$rtexit$$00000002  c_w.l(rtexit2.o)
    0x08000266   0x00000004   Code   RO         9093    .ARM.Collect$$rtexit$$00000003  c_w.l(rtexit2.o)
    0x0800026a   0x00000006   Code   RO         9094    .ARM.Collect$$rtexit$$00000004  c_w.l(rtexit2.o)
    0x08000270   0x00000040   Code   RO         4385    .text               startup_stm32f2xx.o
    0x080002b0   0x000000f4   Code   RO         4449    .text               context_rvds.o
    0x080003a4   0x0000001a   Code   RO         8949    .text               c_w.l(atoi.o)
    0x080003be   0x0000001a   Code   RO         8951    .text               c_w.l(atol.o)
    0x080003d8   0x00000058   Code   RO         8953    .text               c_w.l(memcmp.o)
    0x08000430   0x00000048   Code   RO         8955    .text               c_w.l(strcpy.o)
    0x08000478   0x0000003e   Code   RO         8957    .text               c_w.l(strlen.o)
    0x080004b6   0x00000096   Code   RO         8959    .text               c_w.l(strncmp.o)
    0x0800054c   0x00000018   Code   RO         8961    .text               c_w.l(strcat.o)
    0x08000564   0x0000008a   Code   RO         8963    .text               c_w.l(rt_memcpy_v6.o)
    0x080005ee   0x00000064   Code   RO         8965    .text               c_w.l(rt_memcpy_w.o)
    0x08000652   0x00000044   Code   RO         8967    .text               c_w.l(rt_memclr.o)
    0x08000696   0x0000004e   Code   RO         8969    .text               c_w.l(rt_memclr_w.o)
    0x080006e4   0x00000056   Code   RO         8971    .text               c_w.l(strncpy.o)
    0x0800073a   0x00000002   PAD
    0x0800073c   0x00000080   Code   RO         8973    .text               c_w.l(strcmpv7m.o)
    0x080007bc   0x00000006   Code   RO         8978    .text               c_w.l(heapauxi.o)
    0x080007c2   0x00000002   PAD
    0x080007c4   0x00000008   Code   RO         8986    .text               c_w.l(rt_errno_addr_intlibspace.o)
    0x080007cc   0x00000070   Code   RO         8995    .text               c_w.l(strtol.o)
    0x0800083c   0x00000008   Code   RO         8999    .text               c_w.l(libspace.o)
    0x08000844   0x00000010   Code   RO         9017    .text               c_w.l(rt_ctype_table.o)
    0x08000854   0x0000009e   Code   RO         9021    .text               c_w.l(_strtoul.o)
    0x080008f2   0x0000004a   Code   RO         9024    .text               c_w.l(sys_stackheap_outer.o)
    0x0800093c   0x00000008   Code   RO         9029    .text               c_w.l(rt_locale_intlibspace.o)
    0x08000944   0x0000001c   Code   RO         9031    .text               c_w.l(_chval.o)
    0x08000960   0x00000012   Code   RO         9036    .text               c_w.l(exit.o)
    0x08000972   0x00000002   PAD
    0x08000974   0x0000000c   Code   RO         9102    .text               c_w.l(sys_exit.o)
    0x08000980   0x00000002   Code   RO         9113    .text               c_w.l(use_no_semi.o)
    0x08000982   0x00000000   Code   RO         9115    .text               c_w.l(indicate_semi.o)
    0x08000982   0x00000004   Code   RO         7505    i.BusFault_Handler  stm32f2xx_it.o
    0x08000986   0x00000002   PAD
    0x08000988   0x0000004c   Code   RO         6941    i.CAN1_RX0_IRQHandler  bxcan.o
    0x080009d4   0x00000050   Code   RO         6942    i.CAN1_RX1_IRQHandler  bxcan.o
    0x08000a24   0x000000cc   Code   RO         6943    i.CAN1_SCE_IRQHandler  bxcan.o
    0x08000af0   0x000000d0   Code   RO         6944    i.CAN1_TX_IRQHandler  bxcan.o
    0x08000bc0   0x0000004c   Code   RO         6945    i.CAN2_RX0_IRQHandler  bxcan.o
    0x08000c0c   0x00000050   Code   RO         6946    i.CAN2_RX1_IRQHandler  bxcan.o
    0x08000c5c   0x000000cc   Code   RO         6947    i.CAN2_SCE_IRQHandler  bxcan.o
    0x08000d28   0x000000d0   Code   RO         6948    i.CAN2_TX_IRQHandler  bxcan.o
    0x08000df8   0x00000038   Code   RO          713    i.CAN_DeInit        stm32f2xx_can.o
    0x08000e30   0x00000108   Code   RO          715    i.CAN_FilterInit    stm32f2xx_can.o
    0x08000f38   0x00000012   Code   RO          721    i.CAN_ITConfig      stm32f2xx_can.o
    0x08000f4a   0x00000114   Code   RO          722    i.CAN_Init          stm32f2xx_can.o
    0x0800105e   0x00000002   PAD
    0x08001060   0x00000018   Code   RO         7392    i.DMA1_Stream1_IRQHandler  usart.o
    0x08001078   0x00000018   Code   RO         7393    i.DMA2_Stream5_IRQHandler  usart.o
    0x08001090   0x00000034   Code   RO         1392    i.DMA_ClearFlag     stm32f2xx_dma.o
    0x080010c4   0x00000016   Code   RO         1394    i.DMA_Cmd           stm32f2xx_dma.o
    0x080010da   0x00000074   Code   RO         7394    i.DMA_Configuration  usart.o
    0x0800114e   0x00000002   PAD
    0x08001150   0x00000158   Code   RO         1395    i.DMA_DeInit        stm32f2xx_dma.o
    0x080012a8   0x00000014   Code   RO         1399    i.DMA_GetCmdStatus  stm32f2xx_dma.o
    0x080012bc   0x00000008   Code   RO         1400    i.DMA_GetCurrDataCounter  stm32f2xx_dma.o
    0x080012c4   0x00000044   Code   RO         1403    i.DMA_GetFlagStatus  stm32f2xx_dma.o
    0x08001308   0x0000003a   Code   RO         1405    i.DMA_ITConfig      stm32f2xx_dma.o
    0x08001342   0x00000002   PAD
    0x08001344   0x00000058   Code   RO         1406    i.DMA_Init          stm32f2xx_dma.o
    0x0800139c   0x00000002   Code   RO         7506    i.DebugMon_Handler  stm32f2xx_it.o
    0x0800139e   0x00000012   Code   RO         7161    i.EXTI0_IRQHandler  gpio.o
    0x080013b0   0x0000006c   Code   RO         7162    i.EXTI15_10_IRQHandler  gpio.o
    0x0800141c   0x00000012   Code   RO         7163    i.EXTI1_IRQHandler  gpio.o
    0x0800142e   0x00000012   Code   RO         7164    i.EXTI2_IRQHandler  gpio.o
    0x08001440   0x00000012   Code   RO         7165    i.EXTI3_IRQHandler  gpio.o
    0x08001452   0x00000012   Code   RO         7166    i.EXTI4_IRQHandler  gpio.o
    0x08001464   0x00000056   Code   RO         7167    i.EXTI9_5_IRQHandler  gpio.o
    0x080014ba   0x00000002   PAD
    0x080014bc   0x0000000c   Code   RO         1521    i.EXTI_ClearITPendingBit  stm32f2xx_exti.o
    0x080014c8   0x00000028   Code   RO         1525    i.EXTI_GetITStatus  stm32f2xx_exti.o
    0x080014f0   0x00000094   Code   RO         1526    i.EXTI_Init         stm32f2xx_exti.o
    0x08001584   0x00000068   Code   RO         7395    i.GPIO_Configuration  usart.o
    0x080015ec   0x00000090   Code   RO         1905    i.GPIO_Init         stm32f2xx_gpio.o
    0x0800167c   0x00000046   Code   RO         1906    i.GPIO_PinAFConfig  stm32f2xx_gpio.o
    0x080016c2   0x00000012   Code   RO         1909    i.GPIO_ReadInputDataBit  stm32f2xx_gpio.o
    0x080016d4   0x00000004   Code   RO         1912    i.GPIO_ResetBits    stm32f2xx_gpio.o
    0x080016d8   0x00000004   Code   RO         1913    i.GPIO_SetBits      stm32f2xx_gpio.o
    0x080016dc   0x00000038   Code   RO            4    i.MCO_OUT_Cfg       application.o
    0x08001714   0x00000004   Code   RO         7507    i.MemManage_Handler  stm32f2xx_it.o
    0x08001718   0x00000002   Code   RO         7508    i.NMI_Handler       stm32f2xx_it.o
    0x0800171a   0x00000018   Code   RO         6888    i.NVIC_Configuration  board.o
    0x08001732   0x00000022   Code   RO         7396    i.NVIC_Configuration  usart.o
    0x08001754   0x00000018   Code   RO         6949    i.NVIC_DisableIRQ   bxcan.o
    0x0800176c   0x00000078   Code   RO          423    i.NVIC_Init         misc.o
    0x080017e4   0x00000014   Code   RO          424    i.NVIC_PriorityGroupConfig  misc.o
    0x080017f8   0x00000014   Code   RO          425    i.NVIC_SetVectorTable  misc.o
    0x0800180c   0x00000030   Code   RO         8023    i.OP_add_byte       finsh_ops.o
    0x0800183c   0x00000030   Code   RO         8024    i.OP_add_dword      finsh_ops.o
    0x0800186c   0x00000030   Code   RO         8025    i.OP_add_word       finsh_ops.o
    0x0800189c   0x00000030   Code   RO         8026    i.OP_and_byte       finsh_ops.o
    0x080018cc   0x00000030   Code   RO         8027    i.OP_and_dword      finsh_ops.o
    0x080018fc   0x00000030   Code   RO         8028    i.OP_and_word       finsh_ops.o
    0x0800192c   0x00000018   Code   RO         8029    i.OP_bw_byte        finsh_ops.o
    0x08001944   0x00000018   Code   RO         8030    i.OP_bw_dword       finsh_ops.o
    0x0800195c   0x00000018   Code   RO         8031    i.OP_bw_word        finsh_ops.o
    0x08001974   0x0000038c   Code   RO         8032    i.OP_call           finsh_ops.o
    0x08001d00   0x00000030   Code   RO         8033    i.OP_div_byte       finsh_ops.o
    0x08001d30   0x00000030   Code   RO         8034    i.OP_div_dword      finsh_ops.o
    0x08001d60   0x00000034   Code   RO         8035    i.OP_div_word       finsh_ops.o
    0x08001d94   0x0000002c   Code   RO         8036    i.OP_ld_byte        finsh_ops.o
    0x08001dc0   0x00000048   Code   RO         8037    i.OP_ld_dword       finsh_ops.o
    0x08001e08   0x0000004c   Code   RO         8038    i.OP_ld_value_byte  finsh_ops.o
    0x08001e54   0x00000018   Code   RO         8039    i.OP_ld_value_byte_stack  finsh_ops.o
    0x08001e6c   0x0000004c   Code   RO         8040    i.OP_ld_value_dword  finsh_ops.o
    0x08001eb8   0x00000018   Code   RO         8041    i.OP_ld_value_dword_stack  finsh_ops.o
    0x08001ed0   0x0000004c   Code   RO         8042    i.OP_ld_value_word  finsh_ops.o
    0x08001f1c   0x00000018   Code   RO         8043    i.OP_ld_value_word_stack  finsh_ops.o
    0x08001f34   0x00000038   Code   RO         8044    i.OP_ld_word        finsh_ops.o
    0x08001f6c   0x00000034   Code   RO         8045    i.OP_mod_byte       finsh_ops.o
    0x08001fa0   0x00000034   Code   RO         8046    i.OP_mod_dword      finsh_ops.o
    0x08001fd4   0x00000034   Code   RO         8047    i.OP_mod_word       finsh_ops.o
    0x08002008   0x00000030   Code   RO         8048    i.OP_mul_byte       finsh_ops.o
    0x08002038   0x00000030   Code   RO         8049    i.OP_mul_dword      finsh_ops.o
    0x08002068   0x00000030   Code   RO         8050    i.OP_mul_word       finsh_ops.o
    0x08002098   0x00000002   Code   RO         8051    i.OP_no_op          finsh_ops.o
    0x0800209a   0x00000002   PAD
    0x0800209c   0x00000030   Code   RO         8052    i.OP_or_byte        finsh_ops.o
    0x080020cc   0x00000030   Code   RO         8053    i.OP_or_dword       finsh_ops.o
    0x080020fc   0x00000030   Code   RO         8054    i.OP_or_word        finsh_ops.o
    0x0800212c   0x00000010   Code   RO         8055    i.OP_pop            finsh_ops.o
    0x0800213c   0x00000030   Code   RO         8056    i.OP_shl_byte       finsh_ops.o
    0x0800216c   0x00000030   Code   RO         8057    i.OP_shl_dword      finsh_ops.o
    0x0800219c   0x00000030   Code   RO         8058    i.OP_shl_word       finsh_ops.o
    0x080021cc   0x00000030   Code   RO         8059    i.OP_shr_byte       finsh_ops.o
    0x080021fc   0x00000030   Code   RO         8060    i.OP_shr_dword      finsh_ops.o
    0x0800222c   0x00000030   Code   RO         8061    i.OP_shr_word       finsh_ops.o
    0x0800225c   0x00000024   Code   RO         8062    i.OP_st_byte        finsh_ops.o
    0x08002280   0x00000024   Code   RO         8063    i.OP_st_dword       finsh_ops.o
    0x080022a4   0x00000024   Code   RO         8064    i.OP_st_word        finsh_ops.o
    0x080022c8   0x00000030   Code   RO         8065    i.OP_sub_byte       finsh_ops.o
    0x080022f8   0x00000030   Code   RO         8066    i.OP_sub_dword      finsh_ops.o
    0x08002328   0x00000030   Code   RO         8067    i.OP_sub_word       finsh_ops.o
    0x08002358   0x00000030   Code   RO         8068    i.OP_xor_byte       finsh_ops.o
    0x08002388   0x00000030   Code   RO         8069    i.OP_xor_dword      finsh_ops.o
    0x080023b8   0x00000030   Code   RO         8070    i.OP_xor_word       finsh_ops.o
    0x080023e8   0x00000020   Code   RO         2515    i.RCC_AHB1PeriphClockCmd  stm32f2xx_rcc.o
    0x08002408   0x00000020   Code   RO         2524    i.RCC_APB1PeriphClockCmd  stm32f2xx_rcc.o
    0x08002428   0x00000020   Code   RO         2526    i.RCC_APB1PeriphResetCmd  stm32f2xx_rcc.o
    0x08002448   0x00000020   Code   RO         2527    i.RCC_APB2PeriphClockCmd  stm32f2xx_rcc.o
    0x08002468   0x00000024   Code   RO         7397    i.RCC_Configuration  usart.o
    0x0800248c   0x000000e8   Code   RO         2536    i.RCC_GetClocksFreq  stm32f2xx_rcc.o
    0x08002574   0x0000001c   Code   RO         2547    i.RCC_MCO1Config    stm32f2xx_rcc.o
    0x08002590   0x00000002   Code   RO         7509    i.SVC_Handler       stm32f2xx_it.o
    0x08002592   0x00000002   PAD
    0x08002594   0x00000040   Code   RO         3488    i.SYSCFG_EXTILineConfig  stm32f2xx_syscfg.o
    0x080025d4   0x000000cc   Code   RO         4347    i.SetSysClock       system_stm32f2xx.o
    0x080026a0   0x00000054   Code   RO         6889    i.SysTick_Config    board.o
    0x080026f4   0x00000010   Code   RO         6891    i.SysTick_Handler   board.o
    0x08002704   0x0000005c   Code   RO         4349    i.SystemInit        system_stm32f2xx.o
    0x08002760   0x00000018   Code   RO         7398    i.USART1_IRQHandler  usart.o
    0x08002778   0x00000018   Code   RO         7399    i.USART3_IRQHandler  usart.o
    0x08002790   0x0000001e   Code   RO         4098    i.USART_ClearITPendingBit  stm32f2xx_usart.o
    0x080027ae   0x00000018   Code   RO         4101    i.USART_Cmd         stm32f2xx_usart.o
    0x080027c6   0x00000012   Code   RO         4102    i.USART_DMACmd      stm32f2xx_usart.o
    0x080027d8   0x0000001a   Code   RO         4104    i.USART_GetFlagStatus  stm32f2xx_usart.o
    0x080027f2   0x00000054   Code   RO         4105    i.USART_GetITStatus  stm32f2xx_usart.o
    0x08002846   0x0000004a   Code   RO         4107    i.USART_ITConfig    stm32f2xx_usart.o
    0x08002890   0x000000d4   Code   RO         4108    i.USART_Init        stm32f2xx_usart.o
    0x08002964   0x0000000a   Code   RO         4115    i.USART_ReceiveData  stm32f2xx_usart.o
    0x0800296e   0x00000004   Code   RO         7510    i.UsageFault_Handler  stm32f2xx_it.o
    0x08002972   0x00000002   PAD
    0x08002974   0x0000004c   Code   RO         5027    i.__rt_ffs          kservice.o
    0x080029c0   0x000001b4   Code   RO         5845    i._can_int_rx       can.o
    0x08002b74   0x00000158   Code   RO         5846    i._can_int_tx       can.o
    0x08002ccc   0x00000128   Code   RO         5847    i._can_int_tx_priv  can.o
    0x08002df4   0x0000003c   Code   RO         7555    i._ec20_inti        ec20.o
    0x08002e30   0x0000003c   Code   RO         7556    i._ec20_process_00  ec20.o
    0x08002e6c   0x0000001c   Code   RO         7557    i._ec20_process_01  ec20.o
    0x08002e88   0x00000036   Code   RO         7558    i._ec20_read_data   ec20.o
    0x08002ebe   0x00000002   PAD
    0x08002ec0   0x00000018   Code   RO         7559    i._ec20_rx_ind      ec20.o
    0x08002ed8   0x0000002e   Code   RO         7560    i._ec20_timeout     ec20.o
    0x08002f06   0x00000016   Code   RO         7561    i._ec20_write_data  ec20.o
    0x08002f1c   0x00000014   Code   RO         4660    i._has_defunct_thread  idle.o
    0x08002f30   0x000000dc   Code   RO         7621    i._list_device      cmd.o
    0x0800300c   0x000000fc   Code   RO         7622    i._list_event       cmd.o
    0x08003108   0x00000114   Code   RO         7623    i._list_mailbox     cmd.o
    0x0800321c   0x00000118   Code   RO         7624    i._list_mempool     cmd.o
    0x08003334   0x000000fc   Code   RO         7625    i._list_msgqueue    cmd.o
    0x08003430   0x000000c8   Code   RO         7626    i._list_mutex       cmd.o
    0x080034f8   0x000000f0   Code   RO         7627    i._list_sem         cmd.o
    0x080035e8   0x00000174   Code   RO         7628    i._list_thread      cmd.o
    0x0800375c   0x00000114   Code   RO         7629    i._list_timer       cmd.o
    0x08003870   0x00000098   Code   RO         8605    i._msh_exec_cmd     msh.o
    0x08003908   0x00000048   Code   RO         5949    i._pin_control      pin.o
    0x08003950   0x00000054   Code   RO         5950    i._pin_read         pin.o
    0x080039a4   0x00000054   Code   RO         5951    i._pin_write        pin.o
    0x080039f8   0x000000c8   Code   RO         5481    i._rt_scheduler_stack_check  scheduler.o
    0x08003ac0   0x000000d0   Code   RO         5575    i._rt_thread_init   thread.o
    0x08003b90   0x00000042   Code   RO         5718    i._rt_timer_init    timer.o
    0x08003bd2   0x0000002e   Code   RO         5719    i._rt_timer_remove  timer.o
    0x08003c00   0x00000194   Code   RO         6784    i._serial_dma_rx    serial.o
    0x08003d94   0x0000005c   Code   RO         6785    i._serial_dma_tx    serial.o
    0x08003df0   0x00000064   Code   RO         6786    i._serial_fifo_calc_recved_len  serial.o
    0x08003e54   0x000000b8   Code   RO         6787    i._serial_int_rx    serial.o
    0x08003f0c   0x00000070   Code   RO         6788    i._serial_int_tx    serial.o
    0x08003f7c   0x0000005c   Code   RO         6789    i._serial_poll_rx   serial.o
    0x08003fd8   0x00000054   Code   RO         6790    i._serial_poll_tx   serial.o
    0x0800402c   0x00000234   Code   RO         6018    i.aai_write         sfud.o
    0x08004260   0x0000001e   Code   RO         7168    i.bit2bitno         gpio.o
    0x0800427e   0x00000002   PAD
    0x08004280   0x000000fc   Code   RO         4389    i.bus_fault_track   cpuport.o
    0x0800437c   0x00000098   Code   RO         6950    i.bxcan1_hw_init    bxcan.o
    0x08004414   0x00000078   Code   RO         6951    i.bxcan2_hw_init    bxcan.o
    0x0800448c   0x00000030   Code   RO         6952    i.bxcan_enter_init  bxcan.o
    0x080044bc   0x00000030   Code   RO         6953    i.bxcan_exit_init   bxcan.o
    0x080044ec   0x00000044   Code   RO         6954    i.bxcan_get_baud_index  bxcan.o
    0x08004530   0x000000b0   Code   RO         6955    i.bxcan_init        bxcan.o
    0x080045e0   0x0000001e   Code   RO         6956    i.bxcan_pwr_configure  bxcan.o
    0x080045fe   0x00000002   PAD
    0x08004600   0x00000080   Code   RO         6957    i.bxcan_set_baud_rate  bxcan.o
    0x08004680   0x00000056   Code   RO         6958    i.bxcan_set_mode    bxcan.o
    0x080046d6   0x00000038   Code   RO         6959    i.bxcan_set_privmode  bxcan.o
    0x0800470e   0x0000017a   Code   RO         6960    i.bxmodifyfilter    bxcan.o
    0x08004888   0x00000020   Code   RO          275    i.can1ind           canapp.o
    0x080048a8   0x00000020   Code   RO          276    i.can2ind           canapp.o
    0x080048c8   0x000000f8   Code   RO          357    i.canst             user_finsh_cmd.o
    0x080049c0   0x00000034   Code   RO         5848    i.cantimeout        can.o
    0x080049f4   0x00000080   Code   RO         8845    i.cm_backtrace_init  cm_backtrace.o
    0x08004a74   0x00000180   Code   RO         5849    i.cmd_canstat       can.o
    0x08004bf4   0x0000000e   Code   RO         8674    i.cmd_free          msh_cmd.o
    0x08004c02   0x0000000e   Code   RO         8675    i.cmd_ps            msh_cmd.o
    0x08004c10   0x00000006   Code   RO         8676    i.cmd_time          msh_cmd.o
    0x08004c16   0x00000002   PAD
    0x08004c18   0x00000040   Code   RO         6961    i.configure         bxcan.o
    0x08004c58   0x000002a4   Code   RO         6962    i.control           bxcan.o
    0x08004efc   0x00000042   Code   RO         7400    i.dma_rx_done_isr   usart.o
    0x08004f3e   0x00000068   Code   RO         7401    i.dma_uart_config   usart.o
    0x08004fa6   0x0000003c   Code   RO         7402    i.dma_uart_rx_idle_isr  usart.o
    0x08004fe2   0x00000002   PAD
    0x08004fe4   0x00000080   Code   RO         7562    i.ec20_comm_mount   ec20.o
    0x08005064   0x0000012c   Code   RO         7563    i.ec20_connect_to_device  ec20.o
    0x08005190   0x0000006c   Code   RO         7564    i.ec20_thread_entry  ec20.o
    0x080051fc   0x000000ac   Code   RO          409    i.ei_show_version   version.o
    0x080052a8   0x0000003e   Code   RO         7877    i.finsh_block_insert  finsh_heap.o
    0x080052e6   0x0000007c   Code   RO         7878    i.finsh_block_merge  finsh_heap.o
    0x08005362   0x0000002e   Code   RO         7879    i.finsh_block_remove  finsh_heap.o
    0x08005390   0x00000018   Code   RO         7880    i.finsh_block_split  finsh_heap.o
    0x080053a8   0x00001654   Code   RO         7796    i.finsh_compile     finsh_compiler.o
    0x080069fc   0x00000068   Code   RO         7797    i.finsh_compiler_run  finsh_compiler.o
    0x08006a64   0x0000000c   Code   RO         7843    i.finsh_errno       finsh_error.o
    0x08006a70   0x0000000c   Code   RO         7844    i.finsh_error_init  finsh_error.o
    0x08006a7c   0x00000010   Code   RO         7845    i.finsh_error_set   finsh_error.o
    0x08006a8c   0x00000010   Code   RO         7846    i.finsh_error_string  finsh_error.o
    0x08006a9c   0x00000016   Code   RO         7930    i.finsh_flush       finsh_init.o
    0x08006ab2   0x00000002   PAD
    0x08006ab4   0x00000074   Code   RO         8710    i.finsh_get_prompt  shell.o
    0x08006b28   0x00000058   Code   RO         8712    i.finsh_getchar     shell.o
    0x08006b80   0x00000074   Code   RO         7881    i.finsh_heap_allocate  finsh_heap.o
    0x08006bf4   0x0000002c   Code   RO         7882    i.finsh_heap_free   finsh_heap.o
    0x08006c20   0x00000058   Code   RO         7883    i.finsh_heap_gc     finsh_heap.o
    0x08006c78   0x00000030   Code   RO         7884    i.finsh_heap_init   finsh_heap.o
    0x08006ca8   0x0000001e   Code   RO         7931    i.finsh_init        finsh_init.o
    0x08006cc6   0x00000002   PAD
    0x08006cc8   0x0000003c   Code   RO         7966    i.finsh_node_allocate  finsh_node.o
    0x08006d04   0x00000014   Code   RO         7967    i.finsh_node_init   finsh_node.o
    0x08006d18   0x0000001e   Code   RO         7968    i.finsh_node_new_char  finsh_node.o
    0x08006d36   0x00000076   Code   RO         7969    i.finsh_node_new_id  finsh_node.o
    0x08006dac   0x0000001e   Code   RO         7970    i.finsh_node_new_int  finsh_node.o
    0x08006dca   0x0000001e   Code   RO         7971    i.finsh_node_new_long  finsh_node.o
    0x08006de8   0x0000001e   Code   RO         7972    i.finsh_node_new_ptr  finsh_node.o
    0x08006e06   0x0000004a   Code   RO         7973    i.finsh_node_new_string  finsh_node.o
    0x08006e50   0x00000010   Code   RO         8323    i.finsh_parser_init  finsh_parser.o
    0x08006e60   0x000000dc   Code   RO         8324    i.finsh_parser_run  finsh_parser.o
    0x08006f3c   0x000000d4   Code   RO         8713    i.finsh_run_line    shell.o
    0x08007010   0x00000040   Code   RO         8714    i.finsh_rx_ind      shell.o
    0x08007050   0x000000dc   Code   RO         8715    i.finsh_set_device  shell.o
    0x0800712c   0x00000048   Code   RO         8718    i.finsh_set_prompt_mode  shell.o
    0x08007174   0x0000000c   Code   RO         7933    i.finsh_stack_bottom  finsh_init.o
    0x08007180   0x0000005c   Code   RO         8571    i.finsh_syscall_lookup  finsh_vm.o
    0x080071dc   0x00000014   Code   RO         8719    i.finsh_system_function_init  shell.o
    0x080071f0   0x000000ac   Code   RO         8720    i.finsh_system_init  shell.o
    0x0800729c   0x00000014   Code   RO         8721    i.finsh_system_var_init  shell.o
    0x080072b0   0x0000005c   Code   RO         8518    i.finsh_sysvar_lookup  finsh_var.o
    0x0800730c   0x00000554   Code   RO         8722    i.finsh_thread_entry  shell.o
    0x08007860   0x00000014   Code   RO         8435    i.finsh_token_init  finsh_token.o
    0x08007874   0x00000018   Code   RO         8436    i.finsh_token_token  finsh_token.o
    0x0800788c   0x0000015e   Code   RO         7798    i.finsh_type_check  finsh_compiler.o
    0x080079ea   0x00000002   PAD
    0x080079ec   0x00000014   Code   RO         8520    i.finsh_var_init    finsh_var.o
    0x08007a00   0x00000078   Code   RO         8521    i.finsh_var_insert  finsh_var.o
    0x08007a78   0x00000040   Code   RO         8522    i.finsh_var_lookup  finsh_var.o
    0x08007ab8   0x00000054   Code   RO         8572    i.finsh_vm_run      finsh_vm.o
    0x08007b0c   0x00000024   Code   RO         7169    i.get_pin           gpio.o
    0x08007b30   0x00000080   Code   RO         4390    i.hard_fault_track  cpuport.o
    0x08007bb0   0x00000334   Code   RO         6019    i.hardware_init     sfud.o
    0x08007ee4   0x00000020   Code   RO         7630    i.hello             cmd.o
    0x08007f04   0x000000dc   Code   RO         7631    i.list              cmd.o
    0x08007fe0   0x00000012   Code   RO         7632    i.list_device       cmd.o
    0x08007ff2   0x00000012   Code   RO         7633    i.list_event        cmd.o
    0x08008004   0x00000012   Code   RO         7634    i.list_mailbox      cmd.o
    0x08008016   0x00000002   PAD
    0x08008018   0x00000078   Code   RO         5231    i.list_mem          mem.o
    0x08008090   0x00000012   Code   RO         7635    i.list_mempool      cmd.o
    0x080080a2   0x00000012   Code   RO         7636    i.list_msgqueue     cmd.o
    0x080080b4   0x00000012   Code   RO         7637    i.list_mutex        cmd.o
    0x080080c6   0x00000002   PAD
    0x080080c8   0x00000210   Code   RO         7638    i.list_prefix       cmd.o
    0x080082d8   0x00000012   Code   RO         7639    i.list_sem          cmd.o
    0x080082ea   0x00000012   Code   RO         7640    i.list_thread       cmd.o
    0x080082fc   0x00000012   Code   RO         7641    i.list_timer        cmd.o
    0x0800830e   0x0000000e   Code   RO          324    i.main              main.o
    0x0800831c   0x000000d8   Code   RO         6020    i.make_adress_byte_array  sfud.o
    0x080083f4   0x00000028   Code   RO         8325    i.make_sys_node     finsh_parser.o
    0x0800841c   0x000000e8   Code   RO         4391    i.mem_manage_fault_track  cpuport.o
    0x08008504   0x000000a0   Code   RO         8606    i.msh_auto_complete  msh.o
    0x080085a4   0x00000010   Code   RO         8607    i.msh_enter         msh.o
    0x080085b4   0x0000006c   Code   RO         8608    i.msh_exec          msh.o
    0x08008620   0x00000010   Code   RO         8609    i.msh_exit          msh.o
    0x08008630   0x0000005c   Code   RO         8610    i.msh_get_cmd       msh.o
    0x0800868c   0x00000080   Code   RO         8611    i.msh_help          msh.o
    0x0800870c   0x0000000c   Code   RO         8612    i.msh_is_used       msh.o
    0x08008718   0x000000f0   Code   RO         8613    i.msh_split         msh.o
    0x08008808   0x00000046   Code   RO         7642    i.object_name_maxlen  cmd.o
    0x0800884e   0x00000002   PAD
    0x08008850   0x0000001c   Code   RO         7643    i.object_split      cmd.o
    0x0800886c   0x00000258   Code   RO         6021    i.page256_or_1_byte_write  sfud.o
    0x08008ac4   0x00000044   Code   RO         7176    i.pin_irq_hdr       gpio.o
    0x08008b08   0x0000010c   Code   RO         5232    i.plug_holes        mem.o
    0x08008c14   0x0000018c   Code   RO         5029    i.print_number      kservice.o
    0x08008da0   0x00000072   Code   RO         8326    i.proc_additive_expr  finsh_parser.o
    0x08008e12   0x0000004c   Code   RO         8327    i.proc_and_expr     finsh_parser.o
    0x08008e5e   0x00000038   Code   RO         8328    i.proc_assign_expr  finsh_parser.o
    0x08008e96   0x0000004e   Code   RO         8329    i.proc_cast_expr    finsh_parser.o
    0x08008ee4   0x0000004c   Code   RO         8330    i.proc_exclusive_or_expr  finsh_parser.o
    0x08008f30   0x0000000c   Code   RO         8331    i.proc_expr         finsh_parser.o
    0x08008f3c   0x00000038   Code   RO         8332    i.proc_expr_statement  finsh_parser.o
    0x08008f74   0x0000002c   Code   RO         8333    i.proc_identifier   finsh_parser.o
    0x08008fa0   0x0000004c   Code   RO         8334    i.proc_inclusive_or_expr  finsh_parser.o
    0x08008fec   0x0000008a   Code   RO         8335    i.proc_multiplicative_expr  finsh_parser.o
    0x08009076   0x0000004c   Code   RO         8336    i.proc_param_list   finsh_parser.o
    0x080090c2   0x000000a2   Code   RO         8337    i.proc_postfix_expr  finsh_parser.o
    0x08009164   0x0000009e   Code   RO         8338    i.proc_primary_expr  finsh_parser.o
    0x08009202   0x00000074   Code   RO         8339    i.proc_shift_expr   finsh_parser.o
    0x08009276   0x000000fa   Code   RO         8340    i.proc_type         finsh_parser.o
    0x08009370   0x000000be   Code   RO         8341    i.proc_unary_expr   finsh_parser.o
    0x0800942e   0x000001da   Code   RO         8342    i.proc_variable_decl  finsh_parser.o
    0x08009608   0x0000018c   Code   RO         6175    i.read_basic_header  sfud_sfdp.o
    0x08009794   0x00000634   Code   RO         6176    i.read_basic_table  sfud_sfdp.o
    0x08009dc8   0x0000010c   Code   RO         6022    i.read_jedec_id     sfud.o
    0x08009ed4   0x00000140   Code   RO         6177    i.read_sfdp_data    sfud_sfdp.o
    0x0800a014   0x000001b4   Code   RO         6178    i.read_sfdp_header  sfud_sfdp.o
    0x0800a1c8   0x0000002c   Code   RO          358    i.reboot            user_finsh_cmd.o
    0x0800a1f4   0x00000106   Code   RO         6963    i.recvmsg           bxcan.o
    0x0800a2fa   0x00000002   PAD
    0x0800a2fc   0x00000110   Code   RO         6023    i.reset             sfud.o
    0x0800a40c   0x0000000a   Code   RO         6346    i.retry_delay_100us  spi_flash_sfud.o
    0x0800a416   0x00000002   PAD
    0x0800a418   0x00000034   Code   RO            5    i.rt_application_init  application.o
    0x0800a44c   0x00000074   Code   RO         5030    i.rt_assert_handler  kservice.o
    0x0800a4c0   0x00000080   Code   RO         5233    i.rt_calloc         mem.o
    0x0800a540   0x00000060   Code   RO          277    i.rt_can_app_init   canapp.o
    0x0800a5a0   0x0000012c   Code   RO         5850    i.rt_can_close      can.o
    0x0800a6cc   0x000002d8   Code   RO         5851    i.rt_can_control    can.o
    0x0800a9a4   0x0000004c   Code   RO         5852    i.rt_can_init       can.o
    0x0800a9f0   0x0000027c   Code   RO         5853    i.rt_can_open       can.o
    0x0800ac6c   0x00000058   Code   RO         5854    i.rt_can_read       can.o
    0x0800acc4   0x00000190   Code   RO          278    i.rt_can_thread_entry  canapp.o
    0x0800ae54   0x0000006c   Code   RO         5855    i.rt_can_write      can.o
    0x0800aec0   0x00000068   Code   RO         6451    i.rt_completion_done  completion.o
    0x0800af28   0x00000048   Code   RO         6452    i.rt_completion_init  completion.o
    0x0800af70   0x00000140   Code   RO         6453    i.rt_completion_wait  completion.o
    0x0800b0b0   0x0000001c   Code   RO         4525    i.rt_components_board_init  components.o
    0x0800b0cc   0x0000001c   Code   RO         4526    i.rt_components_init  components.o
    0x0800b0e8   0x0000000c   Code   RO         5032    i.rt_console_get_device  kservice.o
    0x0800b0f4   0x00000034   Code   RO         5033    i.rt_console_set_device  kservice.o
    0x0800b128   0x00000064   Code   RO         6484    i.rt_data_queue_init  dataqueue.o
    0x0800b18c   0x00000080   Code   RO         6485    i.rt_data_queue_peak  dataqueue.o
    0x0800b20c   0x000001c0   Code   RO         6486    i.rt_data_queue_pop  dataqueue.o
    0x0800b3cc   0x00000160   Code   RO         6487    i.rt_data_queue_push  dataqueue.o
    0x0800b52c   0x000000ac   Code   RO         4569    i.rt_device_close   device.o
    0x0800b5d8   0x00000094   Code   RO         4570    i.rt_device_control  device.o
    0x0800b66c   0x0000007c   Code   RO         4573    i.rt_device_find    device.o
    0x0800b6e8   0x0000014c   Code   RO         4576    i.rt_device_open    device.o
    0x0800b834   0x00000048   Code   RO         5952    i.rt_device_pin_register  pin.o
    0x0800b87c   0x000000b4   Code   RO         4577    i.rt_device_read    device.o
    0x0800b930   0x00000034   Code   RO         4578    i.rt_device_register  device.o
    0x0800b964   0x00000080   Code   RO         4579    i.rt_device_set_rx_indicate  device.o
    0x0800b9e4   0x000000b8   Code   RO         4581    i.rt_device_unregister  device.o
    0x0800ba9c   0x000000b4   Code   RO         4582    i.rt_device_write   device.o
    0x0800bb50   0x0000000c   Code   RO         6791    i.rt_dma_calc_recved_len  serial.o
    0x0800bb5c   0x0000009c   Code   RO         6792    i.rt_dma_recv_update_get_index  serial.o
    0x0800bbf8   0x000000b4   Code   RO         6793    i.rt_dma_recv_update_put_index  serial.o
    0x0800bcac   0x00000020   Code   RO         5483    i.rt_enter_critical  scheduler.o
    0x0800bccc   0x00000084   Code   RO         4714    i.rt_event_create   ipc.o
    0x0800bd50   0x000000a0   Code   RO         4716    i.rt_event_detach   ipc.o
    0x0800bdf0   0x00000048   Code   RO         4717    i.rt_event_init     ipc.o
    0x0800be38   0x00000210   Code   RO         4718    i.rt_event_recv     ipc.o
    0x0800c048   0x00000108   Code   RO         4719    i.rt_event_send     ipc.o
    0x0800c150   0x0000003c   Code   RO         5484    i.rt_exit_critical  scheduler.o
    0x0800c18c   0x0000020c   Code   RO         5234    i.rt_free           mem.o
    0x0800c398   0x00000040   Code   RO         6892    i.rt_hw_board_init  board.o
    0x0800c3d8   0x00000350   Code   RO         5856    i.rt_hw_can_isr     can.o
    0x0800c728   0x000000cc   Code   RO         5857    i.rt_hw_can_register  can.o
    0x0800c7f4   0x00000002   Code   RO         5036    i.rt_hw_console_output  kservice.o
    0x0800c7f6   0x00000002   PAD
    0x0800c7f8   0x00000208   Code   RO         4395    i.rt_hw_hard_fault_exception  cpuport.o
    0x0800ca00   0x000001dc   Code   RO         6794    i.rt_hw_serial_isr  serial.o
    0x0800cbdc   0x00000080   Code   RO         6795    i.rt_hw_serial_register  serial.o
    0x0800cc5c   0x00000004   Code   RO         7316    i.rt_hw_spi_init    spi_master.o
    0x0800cc60   0x0000004c   Code   RO         4396    i.rt_hw_stack_init  cpuport.o
    0x0800ccac   0x00000044   Code   RO            6    i.rt_init_thread_entry  application.o
    0x0800ccf0   0x00000038   Code   RO         4988    i.rt_interrupt_enter  irq.o
    0x0800cd28   0x0000000c   Code   RO         4990    i.rt_interrupt_get_nest  irq.o
    0x0800cd34   0x00000038   Code   RO         4991    i.rt_interrupt_leave  irq.o
    0x0800cd6c   0x00000018   Code   RO         4720    i.rt_ipc_list_resume  ipc.o
    0x0800cd84   0x00000032   Code   RO         4721    i.rt_ipc_list_resume_all  ipc.o
    0x0800cdb6   0x0000006c   Code   RO         4722    i.rt_ipc_list_suspend  ipc.o
    0x0800ce22   0x00000010   Code   RO         4723    i.rt_ipc_object_init  ipc.o
    0x0800ce32   0x00000002   PAD
    0x0800ce34   0x00000068   Code   RO         5037    i.rt_kprintf        kservice.o
    0x0800ce9c   0x00000006   Code   RO         4724    i.rt_list_init      ipc.o
    0x0800cea2   0x00000006   Code   RO         5485    i.rt_list_init      scheduler.o
    0x0800cea8   0x00000006   Code   RO         5720    i.rt_list_init      timer.o
    0x0800ceae   0x00000006   Code   RO         5858    i.rt_list_init      can.o
    0x0800ceb4   0x00000006   Code   RO         6489    i.rt_list_init      dataqueue.o
    0x0800ceba   0x0000000e   Code   RO         5374    i.rt_list_insert_after  object.o
    0x0800cec8   0x0000000e   Code   RO         5576    i.rt_list_insert_after  thread.o
    0x0800ced6   0x0000000e   Code   RO         5721    i.rt_list_insert_after  timer.o
    0x0800cee4   0x0000000e   Code   RO         4725    i.rt_list_insert_before  ipc.o
    0x0800cef2   0x0000000e   Code   RO         5859    i.rt_list_insert_before  can.o
    0x0800cf00   0x0000000e   Code   RO         6490    i.rt_list_insert_before  dataqueue.o
    0x0800cf0e   0x00000010   Code   RO         4726    i.rt_list_isempty   ipc.o
    0x0800cf1e   0x00000010   Code   RO         5722    i.rt_list_isempty   timer.o
    0x0800cf2e   0x00000010   Code   RO         5860    i.rt_list_isempty   can.o
    0x0800cf3e   0x00000010   Code   RO         6454    i.rt_list_isempty   completion.o
    0x0800cf4e   0x00000010   Code   RO         6491    i.rt_list_isempty   dataqueue.o
    0x0800cf5e   0x00000010   Code   RO         7644    i.rt_list_isempty   cmd.o
    0x0800cf6e   0x00000014   Code   RO         7645    i.rt_list_len       cmd.o
    0x0800cf82   0x00000012   Code   RO         5375    i.rt_list_remove    object.o
    0x0800cf94   0x00000012   Code   RO         5577    i.rt_list_remove    thread.o
    0x0800cfa6   0x00000012   Code   RO         5861    i.rt_list_remove    can.o
    0x0800cfb8   0x000002bc   Code   RO         5236    i.rt_malloc         mem.o
    0x0800d274   0x0000007c   Code   RO         5041    i.rt_memcpy         kservice.o
    0x0800d2f0   0x00000042   Code   RO         5042    i.rt_memmove        kservice.o
    0x0800d332   0x00000048   Code   RO         5043    i.rt_memset         kservice.o
    0x0800d37a   0x00000002   PAD
    0x0800d37c   0x000000a0   Code   RO         4746    i.rt_mutex_detach   ipc.o
    0x0800d41c   0x00000058   Code   RO         4747    i.rt_mutex_init     ipc.o
    0x0800d474   0x000001c0   Code   RO         4748    i.rt_mutex_release  ipc.o
    0x0800d634   0x000001fc   Code   RO         4749    i.rt_mutex_take     ipc.o
    0x0800d830   0x000000e0   Code   RO         5376    i.rt_object_allocate  object.o
    0x0800d910   0x000000a0   Code   RO         5378    i.rt_object_delete  object.o
    0x0800d9b0   0x0000005c   Code   RO         5379    i.rt_object_detach  object.o
    0x0800da0c   0x00000028   Code   RO         5382    i.rt_object_get_information  object.o
    0x0800da34   0x00000034   Code   RO         5383    i.rt_object_get_type  object.o
    0x0800da68   0x0000007c   Code   RO         5384    i.rt_object_init    object.o
    0x0800dae4   0x0000003c   Code   RO         5385    i.rt_object_is_systemobject  object.o
    0x0800db20   0x00000048   Code   RO         5956    i.rt_pin_mode       pin.o
    0x0800db68   0x00000044   Code   RO         5957    i.rt_pin_read       pin.o
    0x0800dbac   0x00000048   Code   RO         5958    i.rt_pin_write      pin.o
    0x0800dbf4   0x000000b8   Code   RO         5486    i.rt_schedule       scheduler.o
    0x0800dcac   0x0000007c   Code   RO         5487    i.rt_schedule_insert_thread  scheduler.o
    0x0800dd28   0x00000080   Code   RO         5488    i.rt_schedule_remove_thread  scheduler.o
    0x0800dda8   0x00000084   Code   RO         4751    i.rt_sem_create     ipc.o
    0x0800de2c   0x00000090   Code   RO         4753    i.rt_sem_detach     ipc.o
    0x0800debc   0x00000048   Code   RO         4754    i.rt_sem_init       ipc.o
    0x0800df04   0x00000090   Code   RO         4755    i.rt_sem_release    ipc.o
    0x0800df94   0x000001a4   Code   RO         4756    i.rt_sem_take       ipc.o
    0x0800e138   0x00000184   Code   RO         6796    i.rt_serial_close   serial.o
    0x0800e2bc   0x000000a4   Code   RO         6797    i.rt_serial_control  serial.o
    0x0800e360   0x00000048   Code   RO         6798    i.rt_serial_init    serial.o
    0x0800e3a8   0x0000029c   Code   RO         6799    i.rt_serial_open    serial.o
    0x0800e644   0x0000006c   Code   RO         6800    i.rt_serial_read    serial.o
    0x0800e6b0   0x0000006c   Code   RO         6801    i.rt_serial_write   serial.o
    0x0800e71c   0x00000028   Code   RO         5044    i.rt_set_errno      kservice.o
    0x0800e744   0x000000b8   Code   RO         6347    i.rt_sfud_control   spi_flash_sfud.o
    0x0800e7fc   0x00000070   Code   RO         6348    i.rt_sfud_flash_delete  spi_flash_sfud.o
    0x0800e86c   0x0000027c   Code   RO         6350    i.rt_sfud_flash_probe  spi_flash_sfud.o
    0x0800eae8   0x00000036   Code   RO         6351    i.rt_sfud_read      spi_flash_sfud.o
    0x0800eb1e   0x00000036   Code   RO         6352    i.rt_sfud_write     spi_flash_sfud.o
    0x0800eb54   0x000000b0   Code   RO         5045    i.rt_show_version   kservice.o
    0x0800ec04   0x000000a0   Code   RO         5723    i.rt_soft_timer_check  timer.o
    0x0800eca4   0x00000078   Code   RO         6217    i.rt_spi_configure  spi_core.o
    0x0800ed1c   0x00000120   Code   RO         6220    i.rt_spi_send_then_recv  spi_core.o
    0x0800ee3c   0x000000f8   Code   RO         6224    i.rt_spi_transfer   spi_core.o
    0x0800ef34   0x00000022   Code   RO         5047    i.rt_sprintf        kservice.o
    0x0800ef56   0x0000001c   Code   RO         5049    i.rt_strcmp         kservice.o
    0x0800ef72   0x00000012   Code   RO         5051    i.rt_strlen         kservice.o
    0x0800ef84   0x00000028   Code   RO         5052    i.rt_strncmp        kservice.o
    0x0800efac   0x00000034   Code   RO         5053    i.rt_strncpy        kservice.o
    0x0800efe0   0x00000154   Code   RO         5240    i.rt_system_heap_init  mem.o
    0x0800f134   0x00000050   Code   RO         5490    i.rt_system_scheduler_init  scheduler.o
    0x0800f184   0x00000030   Code   RO         5491    i.rt_system_scheduler_start  scheduler.o
    0x0800f1b4   0x0000001c   Code   RO         5724    i.rt_system_timer_init  timer.o
    0x0800f1d0   0x00000054   Code   RO         5725    i.rt_system_timer_thread_init  timer.o
    0x0800f224   0x000000b4   Code   RO         5578    i.rt_thread_control  thread.o
    0x0800f2d8   0x00000050   Code   RO         5579    i.rt_thread_create  thread.o
    0x0800f328   0x0000000c   Code   RO         5580    i.rt_thread_delay   thread.o
    0x0800f334   0x000000d0   Code   RO         5581    i.rt_thread_delete  thread.o
    0x0800f404   0x00000058   Code   RO         5583    i.rt_thread_exit    thread.o
    0x0800f45c   0x00000028   Code   RO         4662    i.rt_thread_idle_entry  idle.o
    0x0800f484   0x000000e0   Code   RO         4663    i.rt_thread_idle_excute  idle.o
    0x0800f564   0x0000003c   Code   RO         4665    i.rt_thread_idle_init  idle.o
    0x0800f5a0   0x0000007c   Code   RO         5585    i.rt_thread_init    thread.o
    0x0800f61c   0x00000098   Code   RO         5588    i.rt_thread_resume  thread.o
    0x0800f6b4   0x0000000c   Code   RO         5590    i.rt_thread_self    thread.o
    0x0800f6c0   0x00000080   Code   RO         5591    i.rt_thread_sleep   thread.o
    0x0800f740   0x000000c0   Code   RO         5592    i.rt_thread_startup  thread.o
    0x0800f800   0x000000a0   Code   RO         5593    i.rt_thread_suspend  thread.o
    0x0800f8a0   0x000000b4   Code   RO         5595    i.rt_thread_timeout  thread.o
    0x0800f954   0x00000044   Code   RO         5726    i.rt_thread_timer_entry  timer.o
    0x0800f998   0x00000064   Code   RO         5596    i.rt_thread_yield   thread.o
    0x0800f9fc   0x0000000c   Code   RO         4489    i.rt_tick_get       clock.o
    0x0800fa08   0x00000030   Code   RO         4490    i.rt_tick_increase  clock.o
    0x0800fa38   0x0000009c   Code   RO         5727    i.rt_timer_check    timer.o
    0x0800fad4   0x000000b8   Code   RO         5728    i.rt_timer_control  timer.o
    0x0800fb8c   0x00000036   Code   RO         5729    i.rt_timer_create   timer.o
    0x0800fbc2   0x00000002   PAD
    0x0800fbc4   0x000000d4   Code   RO         5731    i.rt_timer_detach   timer.o
    0x0800fc98   0x00000054   Code   RO         5732    i.rt_timer_init     timer.o
    0x0800fcec   0x0000001c   Code   RO         5733    i.rt_timer_list_next_timeout  timer.o
    0x0800fd08   0x000001f4   Code   RO         5735    i.rt_timer_start    timer.o
    0x0800fefc   0x000000c0   Code   RO         5736    i.rt_timer_stop     timer.o
    0x0800ffbc   0x00000328   Code   RO         5056    i.rt_vsnprintf      kservice.o
    0x080102e4   0x00000016   Code   RO         5057    i.rt_vsprintf       kservice.o
    0x080102fa   0x00000004   Code   RO         4527    i.rti_board_end     components.o
    0x080102fe   0x00000004   Code   RO         4528    i.rti_board_start   components.o
    0x08010302   0x00000004   Code   RO         4529    i.rti_end           components.o
    0x08010306   0x00000004   Code   RO         4530    i.rti_start         components.o
    0x0801030a   0x00000002   PAD
    0x0801030c   0x00000034   Code   RO          325    i.rtthread_startup  main.o
    0x08010340   0x0000011c   Code   RO         6964    i.sendmsg           bxcan.o
    0x0801045c   0x00000150   Code   RO         6025    i.set_4_byte_address_mode  sfud.o
    0x080105ac   0x00000130   Code   RO         6026    i.set_write_enabled  sfud.o
    0x080106dc   0x00000038   Code   RO         6965    i.setfilter         bxcan.o
    0x08010714   0x0000090c   Code   RO         6353    i.sf                spi_flash_sfud.o
    0x08011020   0x00000174   Code   RO         6027    i.sfud_chip_erase   sfud.o
    0x08011194   0x00000090   Code   RO         6028    i.sfud_device_init  sfud.o
    0x08011224   0x00000238   Code   RO         6029    i.sfud_erase        sfud.o
    0x0801145c   0x00000030   Code   RO         6030    i.sfud_erase_write  sfud.o
    0x0801148c   0x00000050   Code   RO         6354    i.sfud_log_debug    spi_flash_sfud.o
    0x080114dc   0x0000003c   Code   RO         6355    i.sfud_log_info     spi_flash_sfud.o
    0x08011518   0x00000178   Code   RO         6035    i.sfud_read         sfud.o
    0x08011690   0x000000b4   Code   RO         6179    i.sfud_read_sfdp    sfud_sfdp.o
    0x08011744   0x000000c0   Code   RO         6036    i.sfud_read_status  sfud.o
    0x08011804   0x000000f8   Code   RO         6180    i.sfud_sfdp_get_suitable_eraser  sfud_sfdp.o
    0x080118fc   0x00000030   Code   RO         6356    i.sfud_spi_port_init  spi_flash_sfud.o
    0x0801192c   0x0000004c   Code   RO         6037    i.sfud_write        sfud.o
    0x08011978   0x00000110   Code   RO         6038    i.sfud_write_status  sfud.o
    0x08011a88   0x00000040   Code   RO         8723    i.shell_auto_complete  shell.o
    0x08011ac8   0x00000030   Code   RO         8724    i.shell_handle_history  shell.o
    0x08011af8   0x000000d8   Code   RO         8725    i.shell_push_history  shell.o
    0x08011bd0   0x00000030   Code   RO         7646    i.show_wait_queue   cmd.o
    0x08011c00   0x00000026   Code   RO         5058    i.skip_atoi         kservice.o
    0x08011c26   0x00000002   PAD
    0x08011c28   0x0000008c   Code   RO         6039    i.software_init     sfud.o
    0x08011cb4   0x00000016   Code   RO         6357    i.spi_lock          spi_flash_sfud.o
    0x08011cca   0x00000012   Code   RO         6358    i.spi_unlock        spi_flash_sfud.o
    0x08011cdc   0x000000a4   Code   RO         6359    i.spi_write_read    spi_flash_sfud.o
    0x08011d80   0x000000d8   Code   RO         6966    i.stm32_bxcan_init  bxcan.o
    0x08011e58   0x000000e8   Code   RO         7403    i.stm32_configure   usart.o
    0x08011f40   0x000000a4   Code   RO         7404    i.stm32_control     usart.o
    0x08011fe4   0x00000044   Code   RO         7405    i.stm32_getc        usart.o
    0x08012028   0x0000001c   Code   RO         7177    i.stm32_hw_pin_init  gpio.o
    0x08012044   0x0000008c   Code   RO         7406    i.stm32_hw_usart_init  usart.o
    0x080120d0   0x000000e0   Code   RO         7178    i.stm32_pin_attach_irq  gpio.o
    0x080121b0   0x0000008c   Code   RO         7179    i.stm32_pin_detach_irq  gpio.o
    0x0801223c   0x0000015c   Code   RO         7180    i.stm32_pin_irq_enable  gpio.o
    0x08012398   0x0000009c   Code   RO         7181    i.stm32_pin_mode    gpio.o
    0x08012434   0x00000030   Code   RO         7182    i.stm32_pin_read    gpio.o
    0x08012464   0x00000034   Code   RO         7183    i.stm32_pin_write   gpio.o
    0x08012498   0x00000044   Code   RO         7407    i.stm32_putc        usart.o
    0x080124dc   0x00000020   Code   RO         7647    i.str_common        cmd.o
    0x080124fc   0x00000020   Code   RO         8614    i.str_common        msh.o
    0x0801251c   0x00000022   Code   RO         7648    i.str_is_prefix     cmd.o
    0x0801253e   0x00000002   PAD
    0x08012540   0x000000a0   Code   RO          359    i.sysclock          user_finsh_cmd.o
    0x080125e0   0x00000078   Code   RO         8437    i.token_get_string  finsh_token.o
    0x08012658   0x00000034   Code   RO         8438    i.token_match_name  finsh_token.o
    0x0801268c   0x0000003e   Code   RO         8439    i.token_next_char   finsh_token.o
    0x080126ca   0x00000016   Code   RO         8440    i.token_prev_char   finsh_token.o
    0x080126e0   0x000000a2   Code   RO         8441    i.token_proc_char   finsh_token.o
    0x08012782   0x000000d6   Code   RO         8442    i.token_proc_escape  finsh_token.o
    0x08012858   0x00000120   Code   RO         8443    i.token_proc_number  finsh_token.o
    0x08012978   0x00000050   Code   RO         8444    i.token_proc_string  finsh_token.o
    0x080129c8   0x0000019e   Code   RO         8445    i.token_run         finsh_token.o
    0x08012b66   0x00000098   Code   RO         8446    i.token_spec_number  finsh_token.o
    0x08012bfe   0x00000022   Code   RO         8447    i.token_trim_space  finsh_token.o
    0x08012c20   0x00000084   Code   RO         7408    i.uart_isr          usart.o
    0x08012ca4   0x000000e8   Code   RO         4397    i.usage_fault_track  cpuport.o
    0x08012d8c   0x0000000a   Code   RO         7649    i.version           cmd.o
    0x08012d96   0x00000002   PAD
    0x08012d98   0x000000f8   Code   RO         6040    i.wait_busy         sfud.o
    0x08012e90   0x0000002c   Code   RO         9034    locale$$code        c_w.l(lc_ctype_c.o)
    0x08012ebc   0x00000014   Data   RO          279    .constdata          canapp.o
    0x08012ed0   0x000000c9   Data   RO         4583    .constdata          device.o
    0x08012f99   0x00000016   Data   RO         4668    .constdata          idle.o
    0x08012faf   0x000001f7   Data   RO         4758    .constdata          ipc.o
    0x080131a6   0x00000122   Data   RO         5060    .constdata          kservice.o
    0x080132c8   0x00000046   Data   RO         5242    .constdata          mem.o
    0x0801330e   0x00000080   Data   RO         5390    .constdata          object.o
    0x0801338e   0x0000004e   Data   RO         5493    .constdata          scheduler.o
    0x080133dc   0x000000b9   Data   RO         5597    .constdata          thread.o
    0x08013495   0x0000005c   Data   RO         5739    .constdata          timer.o
    0x080134f1   0x00000097   Data   RO         5862    .constdata          can.o
    0x08013588   0x0000007d   Data   RO         5960    .constdata          pin.o
    0x08013605   0x00000003   PAD
    0x08013608   0x0000032d   Data   RO         6042    .constdata          sfud.o
    0x08013935   0x00000070   Data   RO         6181    .constdata          sfud_sfdp.o
    0x080139a5   0x000000a3   Data   RO         6226    .constdata          spi_core.o
    0x08013a48   0x0000006c   Data   RO         6361    .constdata          spi_flash_sfud.o
    0x08013ab4   0x00000039   Data   RO         6455    .constdata          completion.o
    0x08013aed   0x0000004b   Data   RO         6492    .constdata          dataqueue.o
    0x08013b38   0x0000012a   Data   RO         6802    .constdata          serial.o
    0x08013c62   0x00000002   PAD
    0x08013c64   0x00000050   Data   RO         6968    .constdata          bxcan.o
    0x08013cb4   0x000008bc   Data   RO         7184    .constdata          gpio.o
    0x08014570   0x0000005c   Data   RO         7410    .constdata          usart.o
    0x080145cc   0x0000003a   Data   RO         7565    .constdata          ec20.o
    0x08014606   0x00000002   PAD
    0x08014608   0x00000050   Data   RO         7650    .constdata          cmd.o
    0x08014658   0x000000c4   Data   RO         8071    .constdata          finsh_ops.o
    0x0801471c   0x00000040   Data   RO         8448    .constdata          finsh_token.o
    0x0801475c   0x0000000e   Data   RO         8615    .constdata          msh.o
    0x0801476a   0x00000087   Data   RO         8727    .constdata          shell.o
    0x080147f1   0x00000003   PAD
    0x080147f4   0x0000000f   Data   RO          280    .conststring        canapp.o
    0x08014803   0x00000001   PAD
    0x08014804   0x000000cf   Data   RO         4759    .conststring        ipc.o
    0x080148d3   0x00000001   PAD
    0x080148d4   0x000000ed   Data   RO         5243    .conststring        mem.o
    0x080149c1   0x00000003   PAD
    0x080149c4   0x00000042   Data   RO         5598    .conststring        thread.o
    0x08014a06   0x00000002   PAD
    0x08014a08   0x000001d6   Data   RO         5863    .conststring        can.o
    0x08014bde   0x00000002   PAD
    0x08014be0   0x000001ad   Data   RO         6043    .conststring        sfud.o
    0x08014d8d   0x00000003   PAD
    0x08014d90   0x0000038f   Data   RO         6182    .conststring        sfud_sfdp.o
    0x0801511f   0x00000001   PAD
    0x08015120   0x000002c1   Data   RO         6362    .conststring        spi_flash_sfud.o
    0x080153e1   0x00000003   PAD
    0x080153e4   0x0000015d   Data   RO         7651    .conststring        cmd.o
    0x08015541   0x00000003   PAD
    0x08015544   0x000000f3   Data   RO         7847    .conststring        finsh_error.o
    0x08015637   0x00000001   PAD
    0x08015638   0x0000003e   Data   RO         8449    .conststring        finsh_token.o
    0x08015676   0x00000087   Data   RO          360    .rodata.name        user_finsh_cmd.o
    0x080156fd   0x00000027   Data   RO         5245    .rodata.name        mem.o
    0x08015724   0x00000026   Data   RO         5865    .rodata.name        can.o
    0x0801574a   0x00000069   Data   RO         5961    .rodata.name        pin.o
    0x080157b3   0x0000001c   Data   RO         6364    .rodata.name        spi_flash_sfud.o
    0x080157cf   0x0000036a   Data   RO         7653    .rodata.name        cmd.o
    0x08015b39   0x00000061   Data   RO         8617    .rodata.name        msh.o
    0x08015b9a   0x0000007b   Data   RO         8677    .rodata.name        msh_cmd.o
    0x08015c15   0x00000003   PAD
    0x08015c18   0x00000004   Data   RO         4531    .rti_fn.0           components.o
    0x08015c1c   0x00000004   Data   RO         4532    .rti_fn.0.end       components.o
    0x08015c20   0x00000004   Data   RO         6970    .rti_fn.1           bxcan.o
    0x08015c24   0x00000004   Data   RO         7186    .rti_fn.1           gpio.o
    0x08015c28   0x00000004   Data   RO         7327    .rti_fn.1           spi_master.o
    0x08015c2c   0x00000004   Data   RO         4533    .rti_fn.1.end       components.o
    0x08015c30   0x00000004   Data   RO          282    .rti_fn.6           canapp.o
    0x08015c34   0x00000004   Data   RO         8729    .rti_fn.6           shell.o
    0x08015c38   0x00000004   Data   RO         4534    .rti_fn.6.end       components.o
    0x08015c3c   0x0000003c   Data   RO          361    FSymTab             user_finsh_cmd.o
    0x08015c78   0x0000000c   Data   RO         5246    FSymTab             mem.o
    0x08015c84   0x0000000c   Data   RO         5866    FSymTab             can.o
    0x08015c90   0x00000024   Data   RO         5962    FSymTab             pin.o
    0x08015cb4   0x0000000c   Data   RO         6365    FSymTab             spi_flash_sfud.o
    0x08015cc0   0x00000114   Data   RO         7654    FSymTab             cmd.o
    0x08015dd4   0x00000024   Data   RO         8618    FSymTab             msh.o
    0x08015df8   0x00000024   Data   RO         8678    FSymTab             msh_cmd.o
    0x08015e1c   0x00000020   Data   RO         9168    Region$$Table       anon$$obj.o
    0x08015e3c   0x00000010   Data   RO         7655    VSymTab             cmd.o
    0x08015e4c   0x00000110   Data   RO         9033    locale$$data        c_w.l(lc_ctype_c.o)


    Execution Region RW_IRAM1 (Base: 0x20000000, Size: 0x00001ac8, Max: 0x00020000, ABSOLUTE, COMPRESSED[0x00000138])

    Base Addr    Size         Type   Attr      Idx    E Section Name        Object

    0x20000000   0x00000118   Data   RW          281    .data               canapp.o
    0x20000118   0x00000010   Data   RW         2559    .data               stm32f2xx_rcc.o
    0x20000128   0x00000010   Data   RW         4399    .data               cpuport.o
    0x20000138   0x00000004   Data   RW         4492    .data               clock.o
    0x2000013c   0x00000009   Data   RW         4993    .data               irq.o
    0x20000145   0x00000003   PAD
    0x20000148   0x0000000c   Data   RW         5061    .data               kservice.o
    0x20000154   0x00000020   Data   RW         5244    .data               mem.o
    0x20000174   0x000000a4   Data   RW         5391    .data               object.o
    0x20000218   0x0000001c   Data   RW         5494    .data               scheduler.o
    0x20000234   0x0000000c   Data   RW         5599    .data               thread.o
    0x20000240   0x00000018   Data   RW         5740    .data               timer.o
    0x20000258   0x00000010   Data   RW         5864    .data               can.o
    0x20000268   0x0000000c   Data   RW         6363    .data               spi_flash_sfud.o
    0x20000274   0x00000150   Data   RW         6969    .data               bxcan.o
    0x200003c4   0x000000c0   Data   RW         7185    .data               gpio.o
    0x20000484   0x00000040   Data   RW         7411    .data               usart.o
    0x200004c4   0x00000004   Data   RW         7566    .data               ec20.o
    0x200004c8   0x00000004   Data   RW         7652    .data               cmd.o
    0x200004cc   0x00000008   Data   RW         7799    .data               finsh_compiler.o
    0x200004d4   0x00000040   Data   RW         7848    .data               finsh_error.o
    0x20000514   0x00000008   Data   RW         7886    .data               finsh_heap.o
    0x2000051c   0x00000004   Data   RW         8524    .data               finsh_var.o
    0x20000520   0x0000000c   Data   RW         8574    .data               finsh_vm.o
    0x2000052c   0x00000004   Data   RW         8616    .data               msh.o
    0x20000530   0x00000008   Data   RW         8728    .data               shell.o
    0x20000538   0x00000010   Data   RW         8824    .data               symbol.o
    0x20000548   0x00000014   Data   RW         8851    .data               cm_backtrace.o
    0x2000055c   0x00000198   Zero   RW         4667    .bss                idle.o
    0x200006f4   0x00000080   Zero   RW         5059    .bss                kservice.o
    0x20000774   0x00000024   Zero   RW         5241    .bss                mem.o
    0x20000798   0x00000100   Zero   RW         5492    .bss                scheduler.o
    0x20000898   0x00000288   Zero   RW         5738    .bss                timer.o
    0x20000b20   0x00000048   Zero   RW         5959    .bss                pin.o
    0x20000b68   0x00000080   Zero   RW         6360    .bss                spi_flash_sfud.o
    0x20000be8   0x00000218   Zero   RW         6967    .bss                bxcan.o
    0x20000e00   0x000000b0   Zero   RW         7409    .bss                usart.o
    0x20000eb0   0x00000080   Zero   RW         7885    .bss                finsh_heap.o
    0x20000f30   0x00000140   Zero   RW         7974    .bss                finsh_node.o
    0x20001070   0x000000c0   Zero   RW         8523    .bss                finsh_var.o
    0x20001130   0x00000180   Zero   RW         8573    .bss                finsh_vm.o
    0x200012b0   0x00000081   Zero   RW         8726    .bss                shell.o
    0x20001331   0x00000003   PAD
    0x20001334   0x00000134   Zero   RW         8848    .bss                cm_backtrace.o
    0x20001468   0x00000060   Zero   RW         9000    .bss                c_w.l(libspace.o)
    0x200014c8   0x00000200   Zero   RW         4383    HEAP                startup_stm32f2xx.o
    0x200016c8   0x00000400   Zero   RW         4382    STACK               startup_stm32f2xx.o


==============================================================================

Image component sizes


      Code (inc. data)   RO Data    RW Data    ZI Data      Debug   Object Name

       176         50          0          0          0     294553   application.o
       188         20          0          0          0      25821   board.o
      4008        216         84        336        536      41747   bxcan.o
      4554        804        671         16          0      17670   can.o
       560         38         39        280          0       5468   canapp.o
        60         12          0          4          0       1097   clock.o
       128         50          0         20        308       3084   cm_backtrace.o
      3568       1370       1595          4          0      25580   cmd.o
       512        180         57          0          0       5791   completion.o
        72         16         16          0          0       3386   components.o
       244         26          0          0          0        764   context_rvds.o
      1440        724          0         16          0       5250   cpuport.o
      1064        224         75          0          0       6651   dataqueue.o
      1500        714        201          0          0       8556   device.o
       830        170         58          4          0       6626   ec20.o
      6170        156          0          8          0      10562   finsh_compiler.o
        56         22        243         64          0       2671   finsh_error.o
       552         42          0          8        128       5799   finsh_heap.o
        64          6          0          0          0       2068   finsh_init.o
       392          8          0          0        320       5850   finsh_node.o
      3034        294        196          0          0      25078   finsh_ops.o
      2428         32          0          0          0      16263   finsh_parser.o
      1644         16        126          0          0      10202   finsh_token.o
       296         32          0          4        192       6794   finsh_var.o
       176         36          0         12        384       5477   finsh_vm.o
      1414         40       2240        192          0      11676   gpio.o
       344         84         22          0        408       5370   idle.o
      3506       1006        710          0          0      33415   ipc.o
       124         26          0          9          0       2018   irq.o
      2276        242        290         12        128      15182   kservice.o
        66          8          0          0          0        930   main.o
      2080        802        358         32         36       6684   mem.o
       160         32          0          0          0       2169   misc.o
       956        198        147          4          0       7929   msh.o
        34          0        159          0          0       2923   msh_cmd.o
       784        266        128        164          0       9830   object.o
       524        182        266          0         72       8070   pin.o
       862        254         78         28        256       8718   scheduler.o
      3528        758        298          0          0      15795   serial.o
      5816       2712       1242          0          0      23573   sfud.o
      3168       1588       1023          0          0       6281   sfud_sfdp.o
      2676        384        139          8        129      11342   shell.o
       656        122        163          0          0       6981   spi_core.o
      3758       1392        853         12        128      21779   spi_flash_sfud.o
         4          0          4          0          0       1304   spi_master.o
        64         26        388          0       1536        880   startup_stm32f2xx.o
       614         12          0          0          0       3644   stm32f2xx_can.o
       660         54          0          0          0       6357   stm32f2xx_dma.o
       200         18          0          0          0       2208   stm32f2xx_exti.o
       240          0          0          0          0       3599   stm32f2xx_gpio.o
        18          0          0          0          0       2415   stm32f2xx_it.o
       388         46          0         16          0       5657   stm32f2xx_rcc.o
        64          4          0          0          0        652   stm32f2xx_syscfg.o
       478          8          0          0          0       6257   stm32f2xx_usart.o
         0          0          0         16          0       5061   symbol.o
       296         30          0          0          0       1685   system_stm32f2xx.o
      1856        518        251         12          0      15061   thread.o
      1898        528         92         24        648      14251   timer.o
      1420        220         92         64        176      35715   usart.o
       452        190        195          0          0      31354   user_finsh_cmd.o
       172        134          0          0          0        458   version.o

    ----------------------------------------------------------------------
     75330      17142      12564       1372       5388     880031   Object Totals
         0          0         32          0          0          0   (incl. Generated)
        58          0         33          3          3          0   (incl. Padding)

    ----------------------------------------------------------------------

      Code (inc. data)   RO Data    RW Data    ZI Data      Debug   Library Member Name

        90          0          0          0          0          0   __dczerorl2.o
         8          0          0          0          0         68   __main.o
         0          0          0          0          0          0   __rtentry.o
        12          0          0          0          0          0   __rtentry2.o
         6          0          0          0          0          0   __rtentry4.o
        52          8          0          0          0          0   __scatter.o
        28          0          0          0          0          0   __scatter_zi.o
        28          0          0          0          0         68   _chval.o
       158          0          0          0          0         92   _strtoul.o
        26          0          0          0          0         80   atoi.o
        26          0          0          0          0         80   atol.o
        18          0          0          0          0         80   exit.o
         6          0          0          0          0        152   heapauxi.o
         0          0          0          0          0          0   indicate_semi.o
        44         10        272          0          0         76   lc_ctype_c.o
         2          0          0          0          0          0   libinit.o
        20          0          0          0          0          0   libinit2.o
         2          0          0          0          0          0   libshutdown.o
         2          0          0          0          0          0   libshutdown2.o
         8          4          0          0         96         68   libspace.o
        88          0          0          0          0         76   memcmp.o
        16          4          0          0          0         76   rt_ctype_table.o
         8          4          0          0          0         68   rt_errno_addr_intlibspace.o
         8          4          0          0          0         68   rt_locale_intlibspace.o
        68          0          0          0          0         68   rt_memclr.o
        78          0          0          0          0         80   rt_memclr_w.o
       138          0          0          0          0         68   rt_memcpy_v6.o
       100          0          0          0          0         80   rt_memcpy_w.o
         2          0          0          0          0          0   rtexit.o
        10          0          0          0          0          0   rtexit2.o
        24          0          0          0          0         68   strcat.o
       128          0          0          0          0         68   strcmpv7m.o
        72          0          0          0          0         80   strcpy.o
        62          0          0          0          0         76   strlen.o
       150          0          0          0          0         80   strncmp.o
        86          0          0          0          0         76   strncpy.o
       112          0          0          0          0         88   strtol.o
        12          4          0          0          0         68   sys_exit.o
        74          0          0          0          0         80   sys_stackheap_outer.o
         2          0          0          0          0         68   use_no_semi.o

    ----------------------------------------------------------------------
      1782         38        272          0         96       2100   Library Totals
         8          0          0          0          0          0   (incl. Padding)

    ----------------------------------------------------------------------

      Code (inc. data)   RO Data    RW Data    ZI Data      Debug   Library Name

      1774         38        272          0         96       2100   c_w.l

    ----------------------------------------------------------------------
      1782         38        272          0         96       2100   Library Totals

    ----------------------------------------------------------------------

==============================================================================


      Code (inc. data)   RO Data    RW Data    ZI Data      Debug   

     77112      17180      12836       1372       5484     853891   Grand Totals
     77112      17180      12836        312       5484     853891   ELF Image Totals (compressed)
     77112      17180      12836        312          0          0   ROM Totals

==============================================================================

    Total RO  Size (Code + RO Data)                89948 (  87.84kB)
    Total RW  Size (RW Data + ZI Data)              6856 (   6.70kB)
    Total ROM Size (Code + RO Data + RW Data)      90260 (  88.14kB)

==============================================================================

